<!doctype html public "-//w3c//dtd html 4.0 transitional//en">
<html><head>
<title>Static Call Graph - [.\_build\app.axf]</title></head>
<body><HR>
<H1>Static Call Graph for image .\_build\app.axf</H1><HR>
<BR><P>#&#060CALLGRAPH&#062# ARM Linker, 5060960: Last Updated: Fri May 10 00:15:19 2024
<BR><P>
<H3>Maximum Stack Usage =        700 bytes + Unknown(Cycles, Untraceable Function Pointers)</H3><H3>
Call chain for Maximum Stack Depth:</H3>
main &rArr; app_init &rArr; app_ble_init &rArr; app_gatt_init &rArr; gap_params_init &rArr; app_error_handler_bare &rArr; app_error_fault_handler &rArr; nrf_log_frontend_std_0 &rArr; std_n &rArr; nrf_log_frontend_dequeue &rArr;  nrf_log_frontend_std_0 (Cycle)
<P>
<H3>
Mutually Recursive functions
</H3> <LI><a href="#[a]">NMI_Handler</a>&nbsp;&nbsp;&nbsp;&rArr;&nbsp;&nbsp;&nbsp;<a href="#[a]">NMI_Handler</a><BR>
 <LI><a href="#[b]">HardFault_Handler</a>&nbsp;&nbsp;&nbsp;&rArr;&nbsp;&nbsp;&nbsp;<a href="#[b]">HardFault_Handler</a><BR>
 <LI><a href="#[c]">MemoryManagement_Handler</a>&nbsp;&nbsp;&nbsp;&rArr;&nbsp;&nbsp;&nbsp;<a href="#[c]">MemoryManagement_Handler</a><BR>
 <LI><a href="#[d]">BusFault_Handler</a>&nbsp;&nbsp;&nbsp;&rArr;&nbsp;&nbsp;&nbsp;<a href="#[d]">BusFault_Handler</a><BR>
 <LI><a href="#[e]">UsageFault_Handler</a>&nbsp;&nbsp;&nbsp;&rArr;&nbsp;&nbsp;&nbsp;<a href="#[e]">UsageFault_Handler</a><BR>
 <LI><a href="#[f]">SVC_Handler</a>&nbsp;&nbsp;&nbsp;&rArr;&nbsp;&nbsp;&nbsp;<a href="#[f]">SVC_Handler</a><BR>
 <LI><a href="#[10]">DebugMon_Handler</a>&nbsp;&nbsp;&nbsp;&rArr;&nbsp;&nbsp;&nbsp;<a href="#[10]">DebugMon_Handler</a><BR>
 <LI><a href="#[11]">PendSV_Handler</a>&nbsp;&nbsp;&nbsp;&rArr;&nbsp;&nbsp;&nbsp;<a href="#[11]">PendSV_Handler</a><BR>
 <LI><a href="#[12]">SysTick_Handler</a>&nbsp;&nbsp;&nbsp;&rArr;&nbsp;&nbsp;&nbsp;<a href="#[12]">SysTick_Handler</a><BR>
 <LI><a href="#[22]">CCM_AAR_IRQHandler</a>&nbsp;&nbsp;&nbsp;&rArr;&nbsp;&nbsp;&nbsp;<a href="#[22]">CCM_AAR_IRQHandler</a><BR>
 <LI><a href="#[1ef]">nrf_log_frontend_dequeue</a>&nbsp;&nbsp;&nbsp;&rArr;&nbsp;&nbsp;&nbsp;<a href="#[d0]">nrf_log_frontend_std_0</a><BR>
 <LI><a href="#[95]">__asm___12_nrf_atfifo_c_51f461e1__nrf_atfifo_rspace_close</a>&nbsp;&nbsp;&nbsp;&rArr;&nbsp;&nbsp;&nbsp;<a href="#[95]">__asm___12_nrf_atfifo_c_51f461e1__nrf_atfifo_rspace_close</a><BR>
 <LI><a href="#[94]">__asm___12_nrf_atfifo_c_51f461e1__nrf_atfifo_wspace_close</a>&nbsp;&nbsp;&nbsp;&rArr;&nbsp;&nbsp;&nbsp;<a href="#[94]">__asm___12_nrf_atfifo_c_51f461e1__nrf_atfifo_wspace_close</a><BR>
 <LI><a href="#[8b]">nrf_fstorage_sys_evt_handler</a>&nbsp;&nbsp;&nbsp;&rArr;&nbsp;&nbsp;&nbsp;<a href="#[344]">queue_process</a><BR>
 <LI><a href="#[99]">qsort</a>&nbsp;&nbsp;&nbsp;&rArr;&nbsp;&nbsp;&nbsp;<a href="#[99]">qsort</a><BR>
 <LI><a href="#[3df]">pm_handler_flash_clean_on_return</a>&nbsp;&nbsp;&nbsp;&rArr;&nbsp;&nbsp;&nbsp;<a href="#[3da]">pm_handler_flash_clean</a><BR>
 <LI><a href="#[3dc]">rank_highest</a>&nbsp;&nbsp;&nbsp;&rArr;&nbsp;&nbsp;&nbsp;<a href="#[3da]">pm_handler_flash_clean</a><BR>
 <LI><a href="#[27d]">buffer_add</a>&nbsp;&nbsp;&nbsp;&rArr;&nbsp;&nbsp;&nbsp;<a href="#[27d]">buffer_add</a><BR>
</UL>
<P>
<H3>
Function Pointers
</H3><UL>
 <LI><a href="#[d]">BusFault_Handler</a> from arm_startup_nrf52.o(.text) referenced from arm_startup_nrf52.o(RESET)
 <LI><a href="#[22]">CCM_AAR_IRQHandler</a> from arm_startup_nrf52.o(.text) referenced from arm_startup_nrf52.o(RESET)
 <LI><a href="#[26]">COMP_LPCOMP_IRQHandler</a> from arm_startup_nrf52.o(.text) referenced from arm_startup_nrf52.o(RESET)
 <LI><a href="#[10]">DebugMon_Handler</a> from arm_startup_nrf52.o(.text) referenced from arm_startup_nrf52.o(RESET)
 <LI><a href="#[21]">ECB_IRQHandler</a> from arm_startup_nrf52.o(.text) referenced from arm_startup_nrf52.o(RESET)
 <LI><a href="#[37]">FPU_IRQHandler</a> from arm_startup_nrf52.o(.text) referenced from arm_startup_nrf52.o(RESET)
 <LI><a href="#[19]">GPIOTE_IRQHandler</a> from nrfx_gpiote.o(i.GPIOTE_IRQHandler) referenced from arm_startup_nrf52.o(RESET)
 <LI><a href="#[b]">HardFault_Handler</a> from arm_startup_nrf52.o(.text) referenced from arm_startup_nrf52.o(RESET)
 <LI><a href="#[36]">I2S_IRQHandler</a> from arm_startup_nrf52.o(.text) referenced from arm_startup_nrf52.o(RESET)
 <LI><a href="#[31]">MWU_IRQHandler</a> from arm_startup_nrf52.o(.text) referenced from arm_startup_nrf52.o(RESET)
 <LI><a href="#[c]">MemoryManagement_Handler</a> from arm_startup_nrf52.o(.text) referenced from arm_startup_nrf52.o(RESET)
 <LI><a href="#[18]">NFCT_IRQHandler</a> from arm_startup_nrf52.o(.text) referenced from arm_startup_nrf52.o(RESET)
 <LI><a href="#[a]">NMI_Handler</a> from arm_startup_nrf52.o(.text) referenced from arm_startup_nrf52.o(RESET)
 <LI><a href="#[30]">PDM_IRQHandler</a> from arm_startup_nrf52.o(.text) referenced from arm_startup_nrf52.o(RESET)
 <LI><a href="#[13]">POWER_CLOCK_IRQHandler</a> from nrfx_clock.o(i.POWER_CLOCK_IRQHandler) referenced from arm_startup_nrf52.o(RESET)
 <LI><a href="#[2f]">PWM0_IRQHandler</a> from arm_startup_nrf52.o(.text) referenced from arm_startup_nrf52.o(RESET)
 <LI><a href="#[32]">PWM1_IRQHandler</a> from arm_startup_nrf52.o(.text) referenced from arm_startup_nrf52.o(RESET)
 <LI><a href="#[33]">PWM2_IRQHandler</a> from arm_startup_nrf52.o(.text) referenced from arm_startup_nrf52.o(RESET)
 <LI><a href="#[11]">PendSV_Handler</a> from arm_startup_nrf52.o(.text) referenced from arm_startup_nrf52.o(RESET)
 <LI><a href="#[25]">QDEC_IRQHandler</a> from arm_startup_nrf52.o(.text) referenced from arm_startup_nrf52.o(RESET)
 <LI><a href="#[14]">RADIO_IRQHandler</a> from arm_startup_nrf52.o(.text) referenced from arm_startup_nrf52.o(RESET)
 <LI><a href="#[20]">RNG_IRQHandler</a> from arm_startup_nrf52.o(.text) referenced from arm_startup_nrf52.o(RESET)
 <LI><a href="#[1e]">RTC0_IRQHandler</a> from nrfx_rtc.o(i.RTC0_IRQHandler) referenced from arm_startup_nrf52.o(RESET)
 <LI><a href="#[24]">RTC1_IRQHandler</a> from app_timer.o(i.RTC1_IRQHandler) referenced from arm_startup_nrf52.o(RESET)
 <LI><a href="#[35]">RTC2_IRQHandler</a> from arm_startup_nrf52.o(.text) referenced from arm_startup_nrf52.o(RESET)
 <LI><a href="#[9]">Reset_Handler</a> from arm_startup_nrf52.o(.text) referenced from arm_startup_nrf52.o(RESET)
 <LI><a href="#[1a]">SAADC_IRQHandler</a> from nrfx_saadc.o(i.SAADC_IRQHandler) referenced from arm_startup_nrf52.o(RESET)
 <LI><a href="#[16]">SPIM0_SPIS0_TWIM0_TWIS0_SPI0_TWI0_IRQHandler</a> from nrfx_twi.o(i.SPIM0_SPIS0_TWIM0_TWIS0_SPI0_TWI0_IRQHandler) referenced from nrfx_twi.o(.constdata)
 <LI><a href="#[16]">SPIM0_SPIS0_TWIM0_TWIS0_SPI0_TWI0_IRQHandler</a> from nrfx_twi.o(i.SPIM0_SPIS0_TWIM0_TWIS0_SPI0_TWI0_IRQHandler) referenced from arm_startup_nrf52.o(RESET)
 <LI><a href="#[17]">SPIM1_SPIS1_TWIM1_TWIS1_SPI1_TWI1_IRQHandler</a> from arm_startup_nrf52.o(.text) referenced from arm_startup_nrf52.o(RESET)
 <LI><a href="#[34]">SPIM2_SPIS2_SPI2_IRQHandler</a> from arm_startup_nrf52.o(.text) referenced from arm_startup_nrf52.o(RESET)
 <LI><a href="#[3c]">STK832x_IRQ_Any_handler</a> from app_motion.o(i.STK832x_IRQ_Any_handler) referenced from app_motion.o(i.STK832x_stkMotion_irq_init)
 <LI><a href="#[3d]">STK832x_IRQ_handler</a> from app_motion.o(i.STK832x_IRQ_handler) referenced from app_motion.o(i.STK832x_stkMotion_irq_init)
 <LI><a href="#[f]">SVC_Handler</a> from arm_startup_nrf52.o(.text) referenced from arm_startup_nrf52.o(RESET)
 <LI><a href="#[27]">SWI0_EGU0_IRQHandler</a> from app_timer.o(i.SWI0_EGU0_IRQHandler) referenced from arm_startup_nrf52.o(RESET)
 <LI><a href="#[28]">SWI1_EGU1_IRQHandler</a> from arm_startup_nrf52.o(.text) referenced from arm_startup_nrf52.o(RESET)
 <LI><a href="#[29]">SWI2_EGU2_IRQHandler</a> from nrf_sdh.o(i.SWI2_EGU2_IRQHandler) referenced from arm_startup_nrf52.o(RESET)
 <LI><a href="#[2a]">SWI3_EGU3_IRQHandler</a> from arm_startup_nrf52.o(.text) referenced from arm_startup_nrf52.o(RESET)
 <LI><a href="#[2b]">SWI4_EGU4_IRQHandler</a> from arm_startup_nrf52.o(.text) referenced from arm_startup_nrf52.o(RESET)
 <LI><a href="#[2c]">SWI5_EGU5_IRQHandler</a> from arm_startup_nrf52.o(.text) referenced from arm_startup_nrf52.o(RESET)
 <LI><a href="#[12]">SysTick_Handler</a> from arm_startup_nrf52.o(.text) referenced from arm_startup_nrf52.o(RESET)
 <LI><a href="#[39]">SystemInit</a> from system_nrf52.o(i.SystemInit) referenced from arm_startup_nrf52.o(.text)
 <LI><a href="#[1f]">TEMP_IRQHandler</a> from arm_startup_nrf52.o(.text) referenced from arm_startup_nrf52.o(RESET)
 <LI><a href="#[1b]">TIMER0_IRQHandler</a> from nrfx_timer.o(i.TIMER0_IRQHandler) referenced from arm_startup_nrf52.o(RESET)
 <LI><a href="#[1c]">TIMER1_IRQHandler</a> from nrfx_timer.o(i.TIMER1_IRQHandler) referenced from arm_startup_nrf52.o(RESET)
 <LI><a href="#[1d]">TIMER2_IRQHandler</a> from nrfx_timer.o(i.TIMER2_IRQHandler) referenced from arm_startup_nrf52.o(RESET)
 <LI><a href="#[2d]">TIMER3_IRQHandler</a> from arm_startup_nrf52.o(.text) referenced from arm_startup_nrf52.o(RESET)
 <LI><a href="#[2e]">TIMER4_IRQHandler</a> from arm_startup_nrf52.o(.text) referenced from arm_startup_nrf52.o(RESET)
 <LI><a href="#[15]">UARTE0_UART0_IRQHandler</a> from nrfx_prs.o(i.UARTE0_UART0_IRQHandler) referenced from arm_startup_nrf52.o(RESET)
 <LI><a href="#[e]">UsageFault_Handler</a> from arm_startup_nrf52.o(.text) referenced from arm_startup_nrf52.o(RESET)
 <LI><a href="#[23]">WDT_IRQHandler</a> from arm_startup_nrf52.o(.text) referenced from arm_startup_nrf52.o(RESET)
 <LI><a href="#[3a]">__main</a> from entry.o(.ARM.Collect$$$$00000000) referenced from arm_startup_nrf52.o(.text)
 <LI><a href="#[5d]">_gpiote_event_handler</a> from pxi_nrf_gpio.o(i._gpiote_event_handler) referenced from pxi_nrf_gpio.o(i.pxi_nrf_gpio_in_init)
 <LI><a href="#[3e]">_sputc</a> from printfa.o(i._sputc) referenced from printfa.o(i.__0sprintf)
 <LI><a href="#[3e]">_sputc</a> from printfa.o(i._sputc) referenced from printfa.o(i.__0vsprintf)
 <LI><a href="#[59]">app_error_fault_handler</a> from app_error_weak.o(i.app_error_fault_handler) referenced from nrf_sdh.o(i.nrf_sdh_enable_request)
 <LI><a href="#[48]">app_uart_rx_data_handler</a> from app_uart_task.o(i.app_uart_rx_data_handler) referenced from app_uart_task.o(i.app_uart_service_init)
 <LI><a href="#[49]">app_uart_tx_complete_data_handler</a> from app_uart_task.o(i.app_uart_tx_complete_data_handler) referenced from app_uart_task.o(i.app_uart_service_init)
 <LI><a href="#[51]">apply_pending_handle</a> from gatt_cache_manager.o(i.apply_pending_handle) referenced from gatt_cache_manager.o(i.gcm_ble_evt_handler)
 <LI><a href="#[7f]">ble_advertising_on_ble_evt</a> from ble_advertising.o(i.ble_advertising_on_ble_evt) referenced from app_ble.o(sdh_ble_observers1)
 <LI><a href="#[85]">ble_dfu_buttonless_on_ble_evt</a> from ble_dfu.o(i.ble_dfu_buttonless_on_ble_evt) referenced from ble_dfu.o(sdh_ble_observers2)
 <LI><a href="#[8c]">ble_dfu_buttonless_on_sys_evt</a> from ble_dfu_unbonded.o(i.ble_dfu_buttonless_on_sys_evt) referenced from ble_dfu_unbonded.o(sdh_soc_observers1)
 <LI><a href="#[43]">ble_dfu_evt_handler</a> from app_dfu.o(i.ble_dfu_evt_handler) referenced from app_dfu.o(i.app_dfu_service_init)
 <LI><a href="#[7e]">ble_evt_handler</a> from ble_conn_state.o(i.ble_evt_handler) referenced from ble_conn_state.o(sdh_ble_observers0)
 <LI><a href="#[81]">ble_evt_handler</a> from bsp_btn_ble.o(i.ble_evt_handler) referenced 3 times from bsp_btn_ble.o(sdh_ble_observers1)
 <LI><a href="#[88]">ble_evt_handler</a> from app_ble.o(i.ble_evt_handler) referenced from app_ble.o(sdh_ble_observers3)
 <LI><a href="#[86]">ble_nus_on_ble_evt</a> from info_profile.o(i.ble_nus_on_ble_evt) referenced from info_profile_task.o(sdh_ble_observers2)
 <LI><a href="#[87]">ble_uart_on_ble_evt</a> from ble_uart.o(i.ble_uart_on_ble_evt) referenced from app_uart_task.o(sdh_ble_observers2)
 <LI><a href="#[8f]">buttonless_dfu_sdh_state_observer</a> from app_dfu.o(i.buttonless_dfu_sdh_state_observer) referenced from app_dfu.o(sdh_state_observers0)
 <LI><a href="#[64]">car_update_pending_handle</a> from gatt_cache_manager.o(i.car_update_pending_handle) referenced from gatt_cache_manager.o(i.update_pending_flags_check)
 <LI><a href="#[53]">clock_irq_handler</a> from nrf_drv_clock.o(i.clock_irq_handler) referenced from nrf_drv_clock.o(i.nrf_drv_clock_init)
 <LI><a href="#[42]">conn_params_error_handler</a> from app_ble.o(i.conn_params_error_handler) referenced from app_ble.o(i.app_ble_init)
 <LI><a href="#[63]">db_update_pending_handle</a> from gatt_cache_manager.o(i.db_update_pending_handle) referenced from gatt_cache_manager.o(i.update_pending_flags_check)
 <LI><a href="#[4e]">delay_send_func</a> from bd_communicate_protocol.o(i.delay_send_func) referenced from bd_communicate_protocol.o(i.bluetooth_l0_init)
 <LI><a href="#[4d]">disconnect</a> from app_dfu.o(i.disconnect) referenced from app_dfu.o(i.ble_dfu_evt_handler)
 <LI><a href="#[4c]">dummy_evt_handler</a> from ble_dfu.o(i.dummy_evt_handler) referenced from ble_dfu.o(i.ble_dfu_buttonless_init)
 <LI><a href="#[74]">erase</a> from nrf_fstorage_sd.o(i.erase) referenced from nrf_fstorage_sd.o(.constdata)
 <LI><a href="#[5a]">fds_evt_handler</a> from peer_data_storage.o(i.fds_evt_handler) referenced from peer_data_storage.o(i.pds_init)
 <LI><a href="#[8]">fs_event_handler</a> from fds.o(i.fs_event_handler) referenced 2 times from fds.o(fs_data)
 <LI><a href="#[66]">gcm_im_evt_handler</a> from gatt_cache_manager.o(i.gcm_im_evt_handler) referenced from id_manager.o(.constdata)
 <LI><a href="#[6d]">gcm_pdb_evt_handler</a> from gatt_cache_manager.o(i.gcm_pdb_evt_handler) referenced from peer_database.o(.constdata)
 <LI><a href="#[44]">gpiote_handler</a> from app_gpiote.o(i.gpiote_handler) referenced from app_gpiote.o(i.app_gpiote_user_register)
 <LI><a href="#[6c]">gscm_pdb_evt_handler</a> from gatts_cache_manager.o(i.gscm_pdb_evt_handler) referenced from peer_database.o(.constdata)
 <LI><a href="#[70]">init</a> from nrf_fstorage_sd.o(i.init) referenced from nrf_fstorage_sd.o(.constdata)
 <LI><a href="#[77]">is_busy</a> from nrf_fstorage_sd.o(i.is_busy) referenced from nrf_fstorage_sd.o(.constdata)
 <LI><a href="#[61]">link_secure_pending_handle</a> from security_manager.o(i.link_secure_pending_handle) referenced from security_manager.o(i.sm_ble_evt_handler)
 <LI><a href="#[61]">link_secure_pending_handle</a> from security_manager.o(i.link_secure_pending_handle) referenced from security_manager.o(i.sm_pdb_evt_handler)
 <LI><a href="#[38]">main</a> from main.o(i.main) referenced from entry9a.o(.ARM.Collect$$$$0000000B)
 <LI><a href="#[80]">nrf_ble_gatt_on_ble_evt</a> from nrf_ble_gatt.o(i.nrf_ble_gatt_on_ble_evt) referenced from app_gatt.o(sdh_ble_observers1)
 <LI><a href="#[84]">nrf_ble_qwr_on_ble_evt</a> from nrf_ble_qwr.o(i.nrf_ble_qwr_on_ble_evt) referenced from app_ble.o(sdh_ble_observers2)
 <LI><a href="#[89]">nrf_fstorage_sdh_req_handler</a> from nrf_fstorage_sd.o(i.nrf_fstorage_sdh_req_handler) referenced from nrf_fstorage_sd.o(sdh_req_observers0)
 <LI><a href="#[91]">nrf_fstorage_sdh_state_handler</a> from nrf_fstorage_sd.o(i.nrf_fstorage_sdh_state_handler) referenced from nrf_fstorage_sd.o(sdh_state_observers0)
 <LI><a href="#[8b]">nrf_fstorage_sys_evt_handler</a> from nrf_fstorage_sd.o(i.nrf_fstorage_sys_evt_handler) referenced from nrf_fstorage_sd.o(sdh_soc_observers0)
 <LI><a href="#[7a]">nrf_log_backend_rtt_flush</a> from nrf_log_backend_rtt.o(i.nrf_log_backend_rtt_flush) referenced from nrf_log_backend_rtt.o(.constdata)
 <LI><a href="#[79]">nrf_log_backend_rtt_panic_set</a> from nrf_log_backend_rtt.o(i.nrf_log_backend_rtt_panic_set) referenced from nrf_log_backend_rtt.o(.constdata)
 <LI><a href="#[78]">nrf_log_backend_rtt_put</a> from nrf_log_backend_rtt.o(i.nrf_log_backend_rtt_put) referenced from nrf_log_backend_rtt.o(.constdata)
 <LI><a href="#[7d]">nrf_log_backend_uart_flush</a> from nrf_log_backend_uart.o(i.nrf_log_backend_uart_flush) referenced from nrf_log_backend_uart.o(.constdata)
 <LI><a href="#[7c]">nrf_log_backend_uart_panic_set</a> from nrf_log_backend_uart.o(i.nrf_log_backend_uart_panic_set) referenced from nrf_log_backend_uart.o(.constdata)
 <LI><a href="#[7b]">nrf_log_backend_uart_put</a> from nrf_log_backend_uart.o(i.nrf_log_backend_uart_put) referenced from nrf_log_backend_uart.o(.constdata)
 <LI><a href="#[40]">nrf_qwr_error_handler</a> from app_ble.o(i.nrf_qwr_error_handler) referenced from app_ble.o(i.app_ble_init)
 <LI><a href="#[8d]">nrf_sdh_ble_evts_poll</a> from nrf_sdh_ble.o(i.nrf_sdh_ble_evts_poll) referenced from nrf_sdh_ble.o(sdh_stack_observers0)
 <LI><a href="#[8e]">nrf_sdh_soc_evts_poll</a> from nrf_sdh_soc.o(i.nrf_sdh_soc_evts_poll) referenced from nrf_sdh_soc.o(sdh_stack_observers0)
 <LI><a href="#[6f]">nrfx_uart_0_irq_handler</a> from nrfx_uart.o(i.nrfx_uart_0_irq_handler) referenced from nrfx_uart.o(.constdata)
 <LI><a href="#[6e]">nrfx_uarte_0_irq_handler</a> from nrfx_uarte.o(i.nrfx_uarte_0_irq_handler) referenced from nrfx_uarte.o(.constdata)
 <LI><a href="#[3f]">on_adv_evt</a> from app_ble.o(i.on_adv_evt) referenced from app_ble.o(i.app_ble_init)
 <LI><a href="#[41]">on_conn_params_evt</a> from app_ble.o(i.on_conn_params_evt) referenced from app_ble.o(i.app_ble_init)
 <LI><a href="#[60]">params_reply_pending_handle</a> from security_manager.o(i.params_reply_pending_handle) referenced from security_manager.o(i.sm_ble_evt_handler)
 <LI><a href="#[60]">params_reply_pending_handle</a> from security_manager.o(i.params_reply_pending_handle) referenced from security_manager.o(i.sm_pdb_evt_handler)
 <LI><a href="#[67]">pdb_pds_evt_handler</a> from peer_database.o(i.pdb_pds_evt_handler) referenced from peer_data_storage.o(.constdata)
 <LI><a href="#[5b]">pm_evt_handler</a> from app_sec.o(i.pm_evt_handler) referenced from app_sec.o(i.peer_manager_init)
 <LI><a href="#[0]">pm_gcm_evt_handler</a> from peer_manager.o(i.pm_gcm_evt_handler) referenced 2 times from gatt_cache_manager.o(.data)
 <LI><a href="#[1]">pm_gscm_evt_handler</a> from peer_manager.o(i.pm_gscm_evt_handler) referenced 2 times from gatts_cache_manager.o(.data)
 <LI><a href="#[65]">pm_im_evt_handler</a> from peer_manager.o(i.pm_im_evt_handler) referenced from id_manager.o(.constdata)
 <LI><a href="#[6a]">pm_pdb_evt_handler</a> from peer_manager.o(i.pm_pdb_evt_handler) referenced from peer_database.o(.constdata)
 <LI><a href="#[68]">pm_sm_evt_handler</a> from peer_manager.o(i.pm_sm_evt_handler) referenced from security_manager.o(.constdata)
 <LI><a href="#[45]">ppg_handle_gpio_interrupt</a> from app_pah8009.o(i.ppg_handle_gpio_interrupt) referenced from app_pah8009.o(i.app_pah8009_process)
 <LI><a href="#[5c]">ppg_sensor_interrupt_process</a> from pah800x_main.o(i.ppg_sensor_interrupt_process) referenced from app_pah8009.o(i.ppg_handle_gpio_interrupt)
 <LI><a href="#[2]">process_app_save_history</a> from bd_communicate_protocol.o(i.process_app_save_history) referenced 2 times from bd_communicate_protocol.o(.data)
 <LI><a href="#[72]">read</a> from nrf_fstorage_sd.o(i.read) referenced from nrf_fstorage_sd.o(.constdata)
 <LI><a href="#[4f]">receive_time_out_handle</a> from bd_communicate_protocol.o(i.receive_time_out_handle) referenced from bd_communicate_protocol.o(i.bluetooth_l0_init)
 <LI><a href="#[75]">rmap</a> from nrf_fstorage_sd.o(i.rmap) referenced from nrf_fstorage_sd.o(.constdata)
 <LI><a href="#[46]">saadc_callback</a> from app_saadc.o(i.saadc_callback) referenced from app_saadc.o(i.app_saadc_init)
 <LI><a href="#[5f]">sc_send_pending_handle</a> from gatt_cache_manager.o(i.sc_send_pending_handle) referenced from gatt_cache_manager.o(i.service_changed_pending_flags_check)
 <LI><a href="#[4a]">schedule_async_send</a> from bd_communicate_protocol.o(i.schedule_async_send) referenced from bd_communicate_protocol.o(i.async_send)
 <LI><a href="#[90]">sd_state_evt_handler</a> from nrf_drv_clock.o(i.sd_state_evt_handler) referenced from nrf_drv_clock.o(sdh_state_observers0)
 <LI><a href="#[3]">sendEvent</a> from app_motion.o(i.sendEvent) referenced 2 times from app_motion.o(.data)
 <LI><a href="#[57]">serial_tx</a> from nrf_log_backend_rtt.o(i.serial_tx) referenced from nrf_log_backend_rtt.o(i.nrf_log_backend_rtt_put)
 <LI><a href="#[58]">serial_tx</a> from nrf_log_backend_uart.o(i.serial_tx) referenced from nrf_log_backend_uart.o(i.nrf_log_backend_uart_put)
 <LI><a href="#[52]">shr_compare</a> from fun.o(i.shr_compare) referenced from hrv.o(i.motion_state_machine)
 <LI><a href="#[6b]">sm_pdb_evt_handler</a> from security_manager.o(i.sm_pdb_evt_handler) referenced from peer_database.o(.constdata)
 <LI><a href="#[69]">sm_smd_evt_handler</a> from security_manager.o(i.sm_smd_evt_handler) referenced from security_dispatcher.o(.constdata)
 <LI><a href="#[8a]">soc_evt_handler</a> from nrf_drv_clock.o(i.soc_evt_handler) referenced from nrf_drv_clock.o(sdh_soc_observers0)
 <LI><a href="#[6]">stk2x2_mdelay</a> from app_motion.o(i.stk2x2_mdelay) referenced 2 times from app_motion.o(.data)
 <LI><a href="#[3b]">stk832_sensor_interrupt_process</a> from app_motion.o(i.stk832_sensor_interrupt_process) referenced from app_motion.o(i.STK832x_IRQ_handler)
 <LI><a href="#[7]">stk_printf</a> from app_motion.o(i.stk_printf) referenced 2 times from app_motion.o(.data)
 <LI><a href="#[4]">stk_register_read</a> from app_motion.o(i.stk_register_read) referenced 2 times from app_motion.o(.data)
 <LI><a href="#[5]">stk_register_write</a> from app_motion.o(i.stk_register_write) referenced 2 times from app_motion.o(.data)
 <LI><a href="#[47]">timer_handler</a> from app_saadc.o(i.timer_handler) referenced from app_saadc.o(i.app_saadc_sampling_event_init)
 <LI><a href="#[5e]">timer_led_event_handler</a> from pxi_nrf_system_clock.o(i.timer_led_event_handler) referenced from pxi_nrf_system_clock.o(i.pxi_nrf_system_clock_init)
 <LI><a href="#[54]">twi_evt_handler</a> from nrf_drv_twi.o(i.twi_evt_handler) referenced from nrf_drv_twi.o(i.nrf_drv_twi_init)
 <LI><a href="#[56]">uart_evt_handler</a> from nrf_drv_uart.o(i.uart_evt_handler) referenced from nrf_drv_uart.o(i.nrf_drv_uart_init)
 <LI><a href="#[62]">uart_evt_handler</a> from nrf_log_backend_uart.o(i.uart_evt_handler) referenced from nrf_log_backend_uart.o(i.uart_init)
 <LI><a href="#[55]">uarte_evt_handler</a> from nrf_drv_uart.o(i.uarte_evt_handler) referenced from nrf_drv_uart.o(i.nrf_drv_uart_init)
 <LI><a href="#[71]">uninit</a> from nrf_fstorage_sd.o(i.uninit) referenced from nrf_fstorage_sd.o(.constdata)
 <LI><a href="#[4b]">update_timeout_handler</a> from ble_conn_params.o(i.update_timeout_handler) referenced from ble_conn_params.o(i.ble_conn_params_init)
 <LI><a href="#[50]">user_action_timeout_handle</a> from bd_communicate_protocol.o(i.user_action_timeout_handle) referenced from bd_communicate_protocol.o(i.bluetooth_l0_init)
 <LI><a href="#[76]">wmap</a> from nrf_fstorage_sd.o(i.wmap) referenced from nrf_fstorage_sd.o(.constdata)
 <LI><a href="#[73]">write</a> from nrf_fstorage_sd.o(i.write) referenced from nrf_fstorage_sd.o(.constdata)
</UL>
<P>
<H3>
Global Symbols
</H3>
<P><STRONG><a name="[3a]"></a>__main</STRONG> (Thumb, 0 bytes, Stack size unknown bytes, entry.o(.ARM.Collect$$$$00000000))
<BR>[Address Reference Count : 1]<UL><LI> arm_startup_nrf52.o(.text)
</UL>
<P><STRONG><a name="[47b]"></a>_main_stk</STRONG> (Thumb, 0 bytes, Stack size unknown bytes, entry2.o(.ARM.Collect$$$$00000001))

<P><STRONG><a name="[92]"></a>_main_scatterload</STRONG> (Thumb, 0 bytes, Stack size unknown bytes, entry5.o(.ARM.Collect$$$$00000004))
<BR><BR>[Calls]<UL><LI><a href="#[93]">&gt;&gt;</a>&nbsp;&nbsp;&nbsp;__scatterload
</UL>

<P><STRONG><a name="[ac]"></a>__main_after_scatterload</STRONG> (Thumb, 0 bytes, Stack size unknown bytes, entry5.o(.ARM.Collect$$$$00000004))
<BR><BR>[Called By]<UL><LI><a href="#[93]">&gt;&gt;</a>&nbsp;&nbsp;&nbsp;__scatterload
</UL>

<P><STRONG><a name="[47c]"></a>_main_clock</STRONG> (Thumb, 0 bytes, Stack size unknown bytes, entry7b.o(.ARM.Collect$$$$00000008))

<P><STRONG><a name="[47d]"></a>_main_cpp_init</STRONG> (Thumb, 0 bytes, Stack size unknown bytes, entry8b.o(.ARM.Collect$$$$0000000A))

<P><STRONG><a name="[47e]"></a>_main_init</STRONG> (Thumb, 0 bytes, Stack size unknown bytes, entry9a.o(.ARM.Collect$$$$0000000B))

<P><STRONG><a name="[47f]"></a>__rt_lib_shutdown_fini</STRONG> (Thumb, 0 bytes, Stack size unknown bytes, entry12b.o(.ARM.Collect$$$$0000000E))

<P><STRONG><a name="[480]"></a>__rt_final_cpp</STRONG> (Thumb, 0 bytes, Stack size unknown bytes, entry10a.o(.ARM.Collect$$$$0000000F))

<P><STRONG><a name="[481]"></a>__rt_final_exit</STRONG> (Thumb, 0 bytes, Stack size unknown bytes, entry11a.o(.ARM.Collect$$$$00000011))

<P><STRONG><a name="[329]"></a>__asm___12_nrf_atomic_c_85ca2469__nrf_atomic_internal_mov</STRONG> (Thumb, 24 bytes, Stack size 0 bytes, nrf_atomic.o(.emb_text))
<BR><BR>[Called By]<UL><LI><a href="#[298]">&gt;&gt;</a>&nbsp;&nbsp;&nbsp;nrf_atomic_u32_fetch_store
</UL>

<P><STRONG><a name="[328]"></a>__asm___12_nrf_atomic_c_85ca2469__nrf_atomic_internal_orr</STRONG> (Thumb, 26 bytes, Stack size 0 bytes, nrf_atomic.o(.emb_text))
<BR><BR>[Called By]<UL><LI><a href="#[323]">&gt;&gt;</a>&nbsp;&nbsp;&nbsp;nrf_atomic_u32_or
<LI><a href="#[322]">&gt;&gt;</a>&nbsp;&nbsp;&nbsp;nrf_atomic_u32_fetch_or
</UL>

<P><STRONG><a name="[326]"></a>__asm___12_nrf_atomic_c_85ca2469__nrf_atomic_internal_and</STRONG> (Thumb, 26 bytes, Stack size 0 bytes, nrf_atomic.o(.emb_text))
<BR><BR>[Called By]<UL><LI><a href="#[270]">&gt;&gt;</a>&nbsp;&nbsp;&nbsp;nrf_atomic_u32_and
<LI><a href="#[324]">&gt;&gt;</a>&nbsp;&nbsp;&nbsp;nrf_atomic_u32_fetch_and
</UL>

<P><STRONG><a name="[482]"></a>__asm___12_nrf_atomic_c_85ca2469__nrf_atomic_internal_eor</STRONG> (Thumb, 26 bytes, Stack size 0 bytes, nrf_atomic.o(.emb_text), UNUSED)

<P><STRONG><a name="[325]"></a>__asm___12_nrf_atomic_c_85ca2469__nrf_atomic_internal_add</STRONG> (Thumb, 26 bytes, Stack size 0 bytes, nrf_atomic.o(.emb_text))
<BR><BR>[Called By]<UL><LI><a href="#[327]">&gt;&gt;</a>&nbsp;&nbsp;&nbsp;nrf_atomic_u32_fetch_add
<LI><a href="#[27b]">&gt;&gt;</a>&nbsp;&nbsp;&nbsp;nrf_atomic_u32_add
</UL>

<P><STRONG><a name="[32b]"></a>__asm___12_nrf_atomic_c_85ca2469__nrf_atomic_internal_sub</STRONG> (Thumb, 26 bytes, Stack size 0 bytes, nrf_atomic.o(.emb_text))
<BR><BR>[Called By]<UL><LI><a href="#[32a]">&gt;&gt;</a>&nbsp;&nbsp;&nbsp;nrf_atomic_u32_sub
</UL>

<P><STRONG><a name="[483]"></a>__asm___12_nrf_atomic_c_85ca2469__nrf_atomic_internal_cmp_exch</STRONG> (Thumb, 42 bytes, Stack size 0 bytes, nrf_atomic.o(.emb_text), UNUSED)

<P><STRONG><a name="[484]"></a>__asm___12_nrf_atomic_c_85ca2469__nrf_atomic_internal_sub_hs</STRONG> (Thumb, 30 bytes, Stack size 0 bytes, nrf_atomic.o(.emb_text), UNUSED)

<P><STRONG><a name="[31e]"></a>__asm___12_nrf_atfifo_c_51f461e1__nrf_atfifo_wspace_req</STRONG> (Thumb, 56 bytes, Stack size 0 bytes, nrf_atfifo.o(.emb_text))
<BR><BR>[Called By]<UL><LI><a href="#[2a1]">&gt;&gt;</a>&nbsp;&nbsp;&nbsp;nrf_atfifo_item_alloc
</UL>

<P><STRONG><a name="[94]"></a>__asm___12_nrf_atfifo_c_51f461e1__nrf_atfifo_wspace_close</STRONG> (Thumb, 18 bytes, Stack size 0 bytes, nrf_atfifo.o(.emb_text))
<BR><BR>[Calls]<UL><LI><a href="#[94]">&gt;&gt;</a>&nbsp;&nbsp;&nbsp;__asm___12_nrf_atfifo_c_51f461e1__nrf_atfifo_wspace_close
</UL>
<BR>[Called By]<UL><LI><a href="#[2a2]">&gt;&gt;</a>&nbsp;&nbsp;&nbsp;nrf_atfifo_item_put
<LI><a href="#[94]">&gt;&gt;</a>&nbsp;&nbsp;&nbsp;__asm___12_nrf_atfifo_c_51f461e1__nrf_atfifo_wspace_close
</UL>

<P><STRONG><a name="[321]"></a>__asm___12_nrf_atfifo_c_51f461e1__nrf_atfifo_rspace_req</STRONG> (Thumb, 58 bytes, Stack size 0 bytes, nrf_atfifo.o(.emb_text))
<BR><BR>[Called By]<UL><LI><a href="#[320]">&gt;&gt;</a>&nbsp;&nbsp;&nbsp;nrf_atfifo_item_get
</UL>

<P><STRONG><a name="[95]"></a>__asm___12_nrf_atfifo_c_51f461e1__nrf_atfifo_rspace_close</STRONG> (Thumb, 18 bytes, Stack size 0 bytes, nrf_atfifo.o(.emb_text))
<BR><BR>[Calls]<UL><LI><a href="#[95]">&gt;&gt;</a>&nbsp;&nbsp;&nbsp;__asm___12_nrf_atfifo_c_51f461e1__nrf_atfifo_rspace_close
</UL>
<BR>[Called By]<UL><LI><a href="#[31f]">&gt;&gt;</a>&nbsp;&nbsp;&nbsp;nrf_atfifo_item_free
<LI><a href="#[95]">&gt;&gt;</a>&nbsp;&nbsp;&nbsp;__asm___12_nrf_atfifo_c_51f461e1__nrf_atfifo_rspace_close
</UL>

<P><STRONG><a name="[31d]"></a>__asm___12_nrf_atfifo_c_51f461e1__nrf_atfifo_space_clear</STRONG> (Thumb, 50 bytes, Stack size 0 bytes, nrf_atfifo.o(.emb_text))
<BR><BR>[Called By]<UL><LI><a href="#[31c]">&gt;&gt;</a>&nbsp;&nbsp;&nbsp;nrf_atfifo_clear
</UL>

<P><STRONG><a name="[9]"></a>Reset_Handler</STRONG> (Thumb, 8 bytes, Stack size 0 bytes, arm_startup_nrf52.o(.text))
<BR>[Address Reference Count : 1]<UL><LI> arm_startup_nrf52.o(RESET)
</UL>
<P><STRONG><a name="[a]"></a>NMI_Handler</STRONG> (Thumb, 2 bytes, Stack size 0 bytes, arm_startup_nrf52.o(.text))
<BR><BR>[Calls]<UL><LI><a href="#[a]">&gt;&gt;</a>&nbsp;&nbsp;&nbsp;NMI_Handler
</UL>
<BR>[Called By]<UL><LI><a href="#[a]">&gt;&gt;</a>&nbsp;&nbsp;&nbsp;NMI_Handler
</UL>
<BR>[Address Reference Count : 1]<UL><LI> arm_startup_nrf52.o(RESET)
</UL>
<P><STRONG><a name="[b]"></a>HardFault_Handler</STRONG> (Thumb, 2 bytes, Stack size 0 bytes, arm_startup_nrf52.o(.text))
<BR><BR>[Calls]<UL><LI><a href="#[b]">&gt;&gt;</a>&nbsp;&nbsp;&nbsp;HardFault_Handler
</UL>
<BR>[Called By]<UL><LI><a href="#[b]">&gt;&gt;</a>&nbsp;&nbsp;&nbsp;HardFault_Handler
</UL>
<BR>[Address Reference Count : 1]<UL><LI> arm_startup_nrf52.o(RESET)
</UL>
<P><STRONG><a name="[c]"></a>MemoryManagement_Handler</STRONG> (Thumb, 2 bytes, Stack size 0 bytes, arm_startup_nrf52.o(.text))
<BR><BR>[Calls]<UL><LI><a href="#[c]">&gt;&gt;</a>&nbsp;&nbsp;&nbsp;MemoryManagement_Handler
</UL>
<BR>[Called By]<UL><LI><a href="#[c]">&gt;&gt;</a>&nbsp;&nbsp;&nbsp;MemoryManagement_Handler
</UL>
<BR>[Address Reference Count : 1]<UL><LI> arm_startup_nrf52.o(RESET)
</UL>
<P><STRONG><a name="[d]"></a>BusFault_Handler</STRONG> (Thumb, 2 bytes, Stack size 0 bytes, arm_startup_nrf52.o(.text))
<BR><BR>[Calls]<UL><LI><a href="#[d]">&gt;&gt;</a>&nbsp;&nbsp;&nbsp;BusFault_Handler
</UL>
<BR>[Called By]<UL><LI><a href="#[d]">&gt;&gt;</a>&nbsp;&nbsp;&nbsp;BusFault_Handler
</UL>
<BR>[Address Reference Count : 1]<UL><LI> arm_startup_nrf52.o(RESET)
</UL>
<P><STRONG><a name="[e]"></a>UsageFault_Handler</STRONG> (Thumb, 2 bytes, Stack size 0 bytes, arm_startup_nrf52.o(.text))
<BR><BR>[Calls]<UL><LI><a href="#[e]">&gt;&gt;</a>&nbsp;&nbsp;&nbsp;UsageFault_Handler
</UL>
<BR>[Called By]<UL><LI><a href="#[e]">&gt;&gt;</a>&nbsp;&nbsp;&nbsp;UsageFault_Handler
</UL>
<BR>[Address Reference Count : 1]<UL><LI> arm_startup_nrf52.o(RESET)
</UL>
<P><STRONG><a name="[f]"></a>SVC_Handler</STRONG> (Thumb, 2 bytes, Stack size 0 bytes, arm_startup_nrf52.o(.text))
<BR><BR>[Calls]<UL><LI><a href="#[f]">&gt;&gt;</a>&nbsp;&nbsp;&nbsp;SVC_Handler
</UL>
<BR>[Called By]<UL><LI><a href="#[f]">&gt;&gt;</a>&nbsp;&nbsp;&nbsp;SVC_Handler
</UL>
<BR>[Address Reference Count : 1]<UL><LI> arm_startup_nrf52.o(RESET)
</UL>
<P><STRONG><a name="[10]"></a>DebugMon_Handler</STRONG> (Thumb, 2 bytes, Stack size 0 bytes, arm_startup_nrf52.o(.text))
<BR><BR>[Calls]<UL><LI><a href="#[10]">&gt;&gt;</a>&nbsp;&nbsp;&nbsp;DebugMon_Handler
</UL>
<BR>[Called By]<UL><LI><a href="#[10]">&gt;&gt;</a>&nbsp;&nbsp;&nbsp;DebugMon_Handler
</UL>
<BR>[Address Reference Count : 1]<UL><LI> arm_startup_nrf52.o(RESET)
</UL>
<P><STRONG><a name="[11]"></a>PendSV_Handler</STRONG> (Thumb, 2 bytes, Stack size 0 bytes, arm_startup_nrf52.o(.text))
<BR><BR>[Calls]<UL><LI><a href="#[11]">&gt;&gt;</a>&nbsp;&nbsp;&nbsp;PendSV_Handler
</UL>
<BR>[Called By]<UL><LI><a href="#[11]">&gt;&gt;</a>&nbsp;&nbsp;&nbsp;PendSV_Handler
</UL>
<BR>[Address Reference Count : 1]<UL><LI> arm_startup_nrf52.o(RESET)
</UL>
<P><STRONG><a name="[12]"></a>SysTick_Handler</STRONG> (Thumb, 2 bytes, Stack size 0 bytes, arm_startup_nrf52.o(.text))
<BR><BR>[Calls]<UL><LI><a href="#[12]">&gt;&gt;</a>&nbsp;&nbsp;&nbsp;SysTick_Handler
</UL>
<BR>[Called By]<UL><LI><a href="#[12]">&gt;&gt;</a>&nbsp;&nbsp;&nbsp;SysTick_Handler
</UL>
<BR>[Address Reference Count : 1]<UL><LI> arm_startup_nrf52.o(RESET)
</UL>
<P><STRONG><a name="[22]"></a>CCM_AAR_IRQHandler</STRONG> (Thumb, 0 bytes, Stack size 0 bytes, arm_startup_nrf52.o(.text))
<BR><BR>[Calls]<UL><LI><a href="#[22]">&gt;&gt;</a>&nbsp;&nbsp;&nbsp;CCM_AAR_IRQHandler
</UL>
<BR>[Called By]<UL><LI><a href="#[22]">&gt;&gt;</a>&nbsp;&nbsp;&nbsp;CCM_AAR_IRQHandler
</UL>
<BR>[Address Reference Count : 1]<UL><LI> arm_startup_nrf52.o(RESET)
</UL>
<P><STRONG><a name="[26]"></a>COMP_LPCOMP_IRQHandler</STRONG> (Thumb, 0 bytes, Stack size 0 bytes, arm_startup_nrf52.o(.text))
<BR>[Address Reference Count : 1]<UL><LI> arm_startup_nrf52.o(RESET)
</UL>
<P><STRONG><a name="[21]"></a>ECB_IRQHandler</STRONG> (Thumb, 0 bytes, Stack size 0 bytes, arm_startup_nrf52.o(.text))
<BR>[Address Reference Count : 1]<UL><LI> arm_startup_nrf52.o(RESET)
</UL>
<P><STRONG><a name="[37]"></a>FPU_IRQHandler</STRONG> (Thumb, 0 bytes, Stack size 0 bytes, arm_startup_nrf52.o(.text))
<BR>[Address Reference Count : 1]<UL><LI> arm_startup_nrf52.o(RESET)
</UL>
<P><STRONG><a name="[36]"></a>I2S_IRQHandler</STRONG> (Thumb, 0 bytes, Stack size 0 bytes, arm_startup_nrf52.o(.text))
<BR>[Address Reference Count : 1]<UL><LI> arm_startup_nrf52.o(RESET)
</UL>
<P><STRONG><a name="[31]"></a>MWU_IRQHandler</STRONG> (Thumb, 0 bytes, Stack size 0 bytes, arm_startup_nrf52.o(.text))
<BR>[Address Reference Count : 1]<UL><LI> arm_startup_nrf52.o(RESET)
</UL>
<P><STRONG><a name="[18]"></a>NFCT_IRQHandler</STRONG> (Thumb, 0 bytes, Stack size 0 bytes, arm_startup_nrf52.o(.text))
<BR>[Address Reference Count : 1]<UL><LI> arm_startup_nrf52.o(RESET)
</UL>
<P><STRONG><a name="[30]"></a>PDM_IRQHandler</STRONG> (Thumb, 0 bytes, Stack size 0 bytes, arm_startup_nrf52.o(.text))
<BR>[Address Reference Count : 1]<UL><LI> arm_startup_nrf52.o(RESET)
</UL>
<P><STRONG><a name="[2f]"></a>PWM0_IRQHandler</STRONG> (Thumb, 0 bytes, Stack size 0 bytes, arm_startup_nrf52.o(.text))
<BR>[Address Reference Count : 1]<UL><LI> arm_startup_nrf52.o(RESET)
</UL>
<P><STRONG><a name="[32]"></a>PWM1_IRQHandler</STRONG> (Thumb, 0 bytes, Stack size 0 bytes, arm_startup_nrf52.o(.text))
<BR>[Address Reference Count : 1]<UL><LI> arm_startup_nrf52.o(RESET)
</UL>
<P><STRONG><a name="[33]"></a>PWM2_IRQHandler</STRONG> (Thumb, 0 bytes, Stack size 0 bytes, arm_startup_nrf52.o(.text))
<BR>[Address Reference Count : 1]<UL><LI> arm_startup_nrf52.o(RESET)
</UL>
<P><STRONG><a name="[25]"></a>QDEC_IRQHandler</STRONG> (Thumb, 0 bytes, Stack size 0 bytes, arm_startup_nrf52.o(.text))
<BR>[Address Reference Count : 1]<UL><LI> arm_startup_nrf52.o(RESET)
</UL>
<P><STRONG><a name="[14]"></a>RADIO_IRQHandler</STRONG> (Thumb, 0 bytes, Stack size 0 bytes, arm_startup_nrf52.o(.text))
<BR>[Address Reference Count : 1]<UL><LI> arm_startup_nrf52.o(RESET)
</UL>
<P><STRONG><a name="[20]"></a>RNG_IRQHandler</STRONG> (Thumb, 0 bytes, Stack size 0 bytes, arm_startup_nrf52.o(.text))
<BR>[Address Reference Count : 1]<UL><LI> arm_startup_nrf52.o(RESET)
</UL>
<P><STRONG><a name="[35]"></a>RTC2_IRQHandler</STRONG> (Thumb, 0 bytes, Stack size 0 bytes, arm_startup_nrf52.o(.text))
<BR>[Address Reference Count : 1]<UL><LI> arm_startup_nrf52.o(RESET)
</UL>
<P><STRONG><a name="[17]"></a>SPIM1_SPIS1_TWIM1_TWIS1_SPI1_TWI1_IRQHandler</STRONG> (Thumb, 0 bytes, Stack size 0 bytes, arm_startup_nrf52.o(.text))
<BR>[Address Reference Count : 1]<UL><LI> arm_startup_nrf52.o(RESET)
</UL>
<P><STRONG><a name="[34]"></a>SPIM2_SPIS2_SPI2_IRQHandler</STRONG> (Thumb, 0 bytes, Stack size 0 bytes, arm_startup_nrf52.o(.text))
<BR>[Address Reference Count : 1]<UL><LI> arm_startup_nrf52.o(RESET)
</UL>
<P><STRONG><a name="[28]"></a>SWI1_EGU1_IRQHandler</STRONG> (Thumb, 0 bytes, Stack size 0 bytes, arm_startup_nrf52.o(.text))
<BR>[Address Reference Count : 1]<UL><LI> arm_startup_nrf52.o(RESET)
</UL>
<P><STRONG><a name="[2a]"></a>SWI3_EGU3_IRQHandler</STRONG> (Thumb, 0 bytes, Stack size 0 bytes, arm_startup_nrf52.o(.text))
<BR>[Address Reference Count : 1]<UL><LI> arm_startup_nrf52.o(RESET)
</UL>
<P><STRONG><a name="[2b]"></a>SWI4_EGU4_IRQHandler</STRONG> (Thumb, 0 bytes, Stack size 0 bytes, arm_startup_nrf52.o(.text))
<BR>[Address Reference Count : 1]<UL><LI> arm_startup_nrf52.o(RESET)
</UL>
<P><STRONG><a name="[2c]"></a>SWI5_EGU5_IRQHandler</STRONG> (Thumb, 0 bytes, Stack size 0 bytes, arm_startup_nrf52.o(.text))
<BR>[Address Reference Count : 1]<UL><LI> arm_startup_nrf52.o(RESET)
</UL>
<P><STRONG><a name="[1f]"></a>TEMP_IRQHandler</STRONG> (Thumb, 0 bytes, Stack size 0 bytes, arm_startup_nrf52.o(.text))
<BR>[Address Reference Count : 1]<UL><LI> arm_startup_nrf52.o(RESET)
</UL>
<P><STRONG><a name="[2d]"></a>TIMER3_IRQHandler</STRONG> (Thumb, 0 bytes, Stack size 0 bytes, arm_startup_nrf52.o(.text))
<BR>[Address Reference Count : 1]<UL><LI> arm_startup_nrf52.o(RESET)
</UL>
<P><STRONG><a name="[2e]"></a>TIMER4_IRQHandler</STRONG> (Thumb, 0 bytes, Stack size 0 bytes, arm_startup_nrf52.o(.text))
<BR>[Address Reference Count : 1]<UL><LI> arm_startup_nrf52.o(RESET)
</UL>
<P><STRONG><a name="[23]"></a>WDT_IRQHandler</STRONG> (Thumb, 0 bytes, Stack size 0 bytes, arm_startup_nrf52.o(.text))
<BR>[Address Reference Count : 1]<UL><LI> arm_startup_nrf52.o(RESET)
</UL>
<P><STRONG><a name="[96]"></a>__aeabi_uldivmod</STRONG> (Thumb, 98 bytes, Stack size 40 bytes, uldiv.o(.text), UNUSED)
<BR><BR>[Calls]<UL><LI><a href="#[97]">&gt;&gt;</a>&nbsp;&nbsp;&nbsp;__aeabi_llsr
<LI><a href="#[98]">&gt;&gt;</a>&nbsp;&nbsp;&nbsp;__aeabi_llsl
</UL>
<BR>[Called By]<UL><LI><a href="#[18e]">&gt;&gt;</a>&nbsp;&nbsp;&nbsp;_printf_core
<LI><a href="#[1a0]">&gt;&gt;</a>&nbsp;&nbsp;&nbsp;_fp_digits
</UL>

<P><STRONG><a name="[98]"></a>__aeabi_llsl</STRONG> (Thumb, 30 bytes, Stack size 0 bytes, llshl.o(.text))
<BR><BR>[Called By]<UL><LI><a href="#[9d]">&gt;&gt;</a>&nbsp;&nbsp;&nbsp;__aeabi_dadd
<LI><a href="#[aa]">&gt;&gt;</a>&nbsp;&nbsp;&nbsp;_drnd
<LI><a href="#[9f]">&gt;&gt;</a>&nbsp;&nbsp;&nbsp;_double_epilogue
<LI><a href="#[ab]">&gt;&gt;</a>&nbsp;&nbsp;&nbsp;__aeabi_d2ulz
<LI><a href="#[96]">&gt;&gt;</a>&nbsp;&nbsp;&nbsp;__aeabi_uldivmod
</UL>

<P><STRONG><a name="[485]"></a>_ll_shift_l</STRONG> (Thumb, 0 bytes, Stack size 0 bytes, llshl.o(.text), UNUSED)

<P><STRONG><a name="[97]"></a>__aeabi_llsr</STRONG> (Thumb, 32 bytes, Stack size 0 bytes, llushr.o(.text))
<BR><BR>[Called By]<UL><LI><a href="#[207]">&gt;&gt;</a>&nbsp;&nbsp;&nbsp;pxi_nrf_system_clock_init
<LI><a href="#[210]">&gt;&gt;</a>&nbsp;&nbsp;&nbsp;app_saadc_sampling_event_init
<LI><a href="#[a7]">&gt;&gt;</a>&nbsp;&nbsp;&nbsp;__aeabi_d2uiz
<LI><a href="#[aa]">&gt;&gt;</a>&nbsp;&nbsp;&nbsp;_drnd
<LI><a href="#[9f]">&gt;&gt;</a>&nbsp;&nbsp;&nbsp;_double_epilogue
<LI><a href="#[ab]">&gt;&gt;</a>&nbsp;&nbsp;&nbsp;__aeabi_d2ulz
<LI><a href="#[96]">&gt;&gt;</a>&nbsp;&nbsp;&nbsp;__aeabi_uldivmod
</UL>

<P><STRONG><a name="[486]"></a>_ll_ushift_r</STRONG> (Thumb, 0 bytes, Stack size 0 bytes, llushr.o(.text), UNUSED)

<P><STRONG><a name="[360]"></a>__rt_ctype_table</STRONG> (Thumb, 4 bytes, Stack size 0 bytes, ctype_o.o(.text))
<BR><BR>[Called By]<UL><LI><a href="#[353]">&gt;&gt;</a>&nbsp;&nbsp;&nbsp;nrf_log_hexdump_entry_process
</UL>

<P><STRONG><a name="[99]"></a>qsort</STRONG> (Thumb, 156 bytes, Stack size 40 bytes, qsort.o(.text))
<BR><BR>[Stack]<UL><LI>Max Depth = 40 + In Cycle
<LI>Call Chain = qsort &rArr;  qsort (Cycle)
</UL>
<BR>[Calls]<UL><LI><a href="#[99]">&gt;&gt;</a>&nbsp;&nbsp;&nbsp;qsort
</UL>
<BR>[Called By]<UL><LI><a href="#[318]">&gt;&gt;</a>&nbsp;&nbsp;&nbsp;motion_state_machine
<LI><a href="#[99]">&gt;&gt;</a>&nbsp;&nbsp;&nbsp;qsort
</UL>

<P><STRONG><a name="[b7]"></a>abs</STRONG> (Thumb, 8 bytes, Stack size 0 bytes, siabs.o(.text))
<BR><BR>[Called By]<UL><LI><a href="#[44c]">&gt;&gt;</a>&nbsp;&nbsp;&nbsp;stk_checkShake
<LI><a href="#[449]">&gt;&gt;</a>&nbsp;&nbsp;&nbsp;stk_checkSedentary
<LI><a href="#[b6]">&gt;&gt;</a>&nbsp;&nbsp;&nbsp;Enter_Sleep_Tracker
</UL>

<P><STRONG><a name="[d2]"></a>__aeabi_memcpy</STRONG> (Thumb, 36 bytes, Stack size 0 bytes, memcpya.o(.text))
<BR><BR>[Called By]<UL><LI><a href="#[24a]">&gt;&gt;</a>&nbsp;&nbsp;&nbsp;service_data_encode
<LI><a href="#[249]">&gt;&gt;</a>&nbsp;&nbsp;&nbsp;manuf_specific_data_encode
<LI><a href="#[133]">&gt;&gt;</a>&nbsp;&nbsp;&nbsp;app_sched_event_put
<LI><a href="#[43d]">&gt;&gt;</a>&nbsp;&nbsp;&nbsp;stk832x_registers_set
<LI><a href="#[3ac]">&gt;&gt;</a>&nbsp;&nbsp;&nbsp;pxi_nrf_i2c_write
<LI><a href="#[280]">&gt;&gt;</a>&nbsp;&nbsp;&nbsp;pds_peer_data_read
<LI><a href="#[72]">&gt;&gt;</a>&nbsp;&nbsp;&nbsp;read
<LI><a href="#[311]">&gt;&gt;</a>&nbsp;&nbsp;&nbsp;memobj_op
<LI><a href="#[268]">&gt;&gt;</a>&nbsp;&nbsp;&nbsp;ble_dfu_buttonless_on_ctrl_pt_write
<LI><a href="#[130]">&gt;&gt;</a>&nbsp;&nbsp;&nbsp;_WriteNoCheck
<LI><a href="#[131]">&gt;&gt;</a>&nbsp;&nbsp;&nbsp;_WriteBlocking
<LI><a href="#[3a6]">&gt;&gt;</a>&nbsp;&nbsp;&nbsp;pah_800x_init
<LI><a href="#[ce]">&gt;&gt;</a>&nbsp;&nbsp;&nbsp;L1_receive_data
</UL>

<P><STRONG><a name="[23e]"></a>__aeabi_memcpy4</STRONG> (Thumb, 0 bytes, Stack size 0 bytes, memcpya.o(.text))
<BR><BR>[Called By]<UL><LI><a href="#[80]">&gt;&gt;</a>&nbsp;&nbsp;&nbsp;nrf_ble_gatt_on_ble_evt
<LI><a href="#[1e9]">&gt;&gt;</a>&nbsp;&nbsp;&nbsp;ble_conn_params_init
<LI><a href="#[1ec]">&gt;&gt;</a>&nbsp;&nbsp;&nbsp;ble_advertising_modes_config_set
<LI><a href="#[1e4]">&gt;&gt;</a>&nbsp;&nbsp;&nbsp;ble_advertising_init
<LI><a href="#[33b]">&gt;&gt;</a>&nbsp;&nbsp;&nbsp;nrfx_twi_rx
<LI><a href="#[276]">&gt;&gt;</a>&nbsp;&nbsp;&nbsp;gcm_ble_evt_handler
<LI><a href="#[413]">&gt;&gt;</a>&nbsp;&nbsp;&nbsp;service_changed_send_in_evt
<LI><a href="#[308]">&gt;&gt;</a>&nbsp;&nbsp;&nbsp;send_unexpected_error
<LI><a href="#[299]">&gt;&gt;</a>&nbsp;&nbsp;&nbsp;local_db_update_in_evt
<LI><a href="#[271]">&gt;&gt;</a>&nbsp;&nbsp;&nbsp;conn_handle_list_get
<LI><a href="#[7e]">&gt;&gt;</a>&nbsp;&nbsp;&nbsp;ble_evt_handler
<LI><a href="#[3df]">&gt;&gt;</a>&nbsp;&nbsp;&nbsp;pm_handler_flash_clean_on_return
<LI><a href="#[239]">&gt;&gt;</a>&nbsp;&nbsp;&nbsp;send_unexpected_error
<LI><a href="#[415]">&gt;&gt;</a>&nbsp;&nbsp;&nbsp;sec_proc_start
<LI><a href="#[295]">&gt;&gt;</a>&nbsp;&nbsp;&nbsp;conn_sec_failure
<LI><a href="#[231]">&gt;&gt;</a>&nbsp;&nbsp;&nbsp;auth_status_success_process
<LI><a href="#[424]">&gt;&gt;</a>&nbsp;&nbsp;&nbsp;smd_ble_evt_handler
<LI><a href="#[2a6]">&gt;&gt;</a>&nbsp;&nbsp;&nbsp;new_evt
<LI><a href="#[2ad]">&gt;&gt;</a>&nbsp;&nbsp;&nbsp;peer_data_delete_process
<LI><a href="#[274]">&gt;&gt;</a>&nbsp;&nbsp;&nbsp;im_ble_evt_handler
<LI><a href="#[33e]">&gt;&gt;</a>&nbsp;&nbsp;&nbsp;nrf_drv_uart_init
<LI><a href="#[386]">&gt;&gt;</a>&nbsp;&nbsp;&nbsp;twi_xfer
<LI><a href="#[132]">&gt;&gt;</a>&nbsp;&nbsp;&nbsp;twi_irq_handler
<LI><a href="#[356]">&gt;&gt;</a>&nbsp;&nbsp;&nbsp;uart_init
<LI><a href="#[3b1]">&gt;&gt;</a>&nbsp;&nbsp;&nbsp;pah_push
<LI><a href="#[3af]">&gt;&gt;</a>&nbsp;&nbsp;&nbsp;pah_pop
<LI><a href="#[3eb]">&gt;&gt;</a>&nbsp;&nbsp;&nbsp;process
<LI><a href="#[3a7]">&gt;&gt;</a>&nbsp;&nbsp;&nbsp;pah_800x_ppg_get_data
<LI><a href="#[39a]">&gt;&gt;</a>&nbsp;&nbsp;&nbsp;pah_800x_device_init
<LI><a href="#[15c]">&gt;&gt;</a>&nbsp;&nbsp;&nbsp;pxi_decode_sel
<LI><a href="#[406]">&gt;&gt;</a>&nbsp;&nbsp;&nbsp;rri_shr_band_pass_filter
<LI><a href="#[40f]">&gt;&gt;</a>&nbsp;&nbsp;&nbsp;shr_band_pass_filter
</UL>

<P><STRONG><a name="[487]"></a>__aeabi_memcpy8</STRONG> (Thumb, 0 bytes, Stack size 0 bytes, memcpya.o(.text), UNUSED)

<P><STRONG><a name="[9b]"></a>__aeabi_memset</STRONG> (Thumb, 14 bytes, Stack size 0 bytes, memseta.o(.text))
<BR><BR>[Called By]<UL><LI><a href="#[9c]">&gt;&gt;</a>&nbsp;&nbsp;&nbsp;_memset$wrapper
<LI><a href="#[9a]">&gt;&gt;</a>&nbsp;&nbsp;&nbsp;__aeabi_memclr
</UL>

<P><STRONG><a name="[488]"></a>__aeabi_memset4</STRONG> (Thumb, 0 bytes, Stack size 0 bytes, memseta.o(.text), UNUSED)

<P><STRONG><a name="[489]"></a>__aeabi_memset8</STRONG> (Thumb, 0 bytes, Stack size 0 bytes, memseta.o(.text), UNUSED)

<P><STRONG><a name="[9a]"></a>__aeabi_memclr</STRONG> (Thumb, 4 bytes, Stack size 0 bytes, memseta.o(.text))
<BR><BR>[Calls]<UL><LI><a href="#[9b]">&gt;&gt;</a>&nbsp;&nbsp;&nbsp;__aeabi_memset
</UL>
<BR>[Called By]<UL><LI><a href="#[2c3]">&gt;&gt;</a>&nbsp;&nbsp;&nbsp;fds_stat
<LI><a href="#[416]">&gt;&gt;</a>&nbsp;&nbsp;&nbsp;sec_keyset_fill
<LI><a href="#[154]">&gt;&gt;</a>&nbsp;&nbsp;&nbsp;SpO2_GetInfo
<LI><a href="#[101]">&gt;&gt;</a>&nbsp;&nbsp;&nbsp;PxiAlg_Open_Mem
<LI><a href="#[39f]">&gt;&gt;</a>&nbsp;&nbsp;&nbsp;pah_800x_get_default_config
</UL>

<P><STRONG><a name="[103]"></a>__aeabi_memclr4</STRONG> (Thumb, 0 bytes, Stack size 0 bytes, memseta.o(.text))
<BR><BR>[Called By]<UL><LI><a href="#[1f0]">&gt;&gt;</a>&nbsp;&nbsp;&nbsp;gap_params_init
<LI><a href="#[43]">&gt;&gt;</a>&nbsp;&nbsp;&nbsp;ble_dfu_evt_handler
<LI><a href="#[1da]">&gt;&gt;</a>&nbsp;&nbsp;&nbsp;ble_advertising_start
<LI><a href="#[1de]">&gt;&gt;</a>&nbsp;&nbsp;&nbsp;app_ble_init
<LI><a href="#[29a]">&gt;&gt;</a>&nbsp;&nbsp;&nbsp;pm_peers_delete
<LI><a href="#[33d]">&gt;&gt;</a>&nbsp;&nbsp;&nbsp;nrfx_twi_tx
<LI><a href="#[2e4]">&gt;&gt;</a>&nbsp;&nbsp;&nbsp;service_changed_pending_set
<LI><a href="#[22d]">&gt;&gt;</a>&nbsp;&nbsp;&nbsp;local_db_apply_in_evt
<LI><a href="#[265]">&gt;&gt;</a>&nbsp;&nbsp;&nbsp;characteristic_add
<LI><a href="#[83]">&gt;&gt;</a>&nbsp;&nbsp;&nbsp;ble_evt_handler
<LI><a href="#[3db]">&gt;&gt;</a>&nbsp;&nbsp;&nbsp;pm_peer_rank_highest
<LI><a href="#[3dc]">&gt;&gt;</a>&nbsp;&nbsp;&nbsp;rank_highest
<LI><a href="#[237]">&gt;&gt;</a>&nbsp;&nbsp;&nbsp;send_config_req
<LI><a href="#[426]">&gt;&gt;</a>&nbsp;&nbsp;&nbsp;smd_params_reply
<LI><a href="#[2a6]">&gt;&gt;</a>&nbsp;&nbsp;&nbsp;new_evt
<LI><a href="#[3c4]">&gt;&gt;</a>&nbsp;&nbsp;&nbsp;peer_id_init
<LI><a href="#[2b4]">&gt;&gt;</a>&nbsp;&nbsp;&nbsp;fds_init
<LI><a href="#[5a]">&gt;&gt;</a>&nbsp;&nbsp;&nbsp;fds_evt_handler
<LI><a href="#[1db]">&gt;&gt;</a>&nbsp;&nbsp;&nbsp;ah
<LI><a href="#[6a]">&gt;&gt;</a>&nbsp;&nbsp;&nbsp;pm_pdb_evt_handler
<LI><a href="#[73]">&gt;&gt;</a>&nbsp;&nbsp;&nbsp;write
<LI><a href="#[71]">&gt;&gt;</a>&nbsp;&nbsp;&nbsp;uninit
<LI><a href="#[2a4]">&gt;&gt;</a>&nbsp;&nbsp;&nbsp;event_send
<LI><a href="#[74]">&gt;&gt;</a>&nbsp;&nbsp;&nbsp;erase
<LI><a href="#[2ca]">&gt;&gt;</a>&nbsp;&nbsp;&nbsp;queue_process
<LI><a href="#[2b0]">&gt;&gt;</a>&nbsp;&nbsp;&nbsp;queue_buf_get
<LI><a href="#[34f]">&gt;&gt;</a>&nbsp;&nbsp;&nbsp;nrf_log_backend_serial_put
<LI><a href="#[1f2]">&gt;&gt;</a>&nbsp;&nbsp;&nbsp;app_gpiote_init
<LI><a href="#[264]">&gt;&gt;</a>&nbsp;&nbsp;&nbsp;ble_dfu_buttonless_char_add
<LI><a href="#[170]">&gt;&gt;</a>&nbsp;&nbsp;&nbsp;SpO2_SetMems
<LI><a href="#[155]">&gt;&gt;</a>&nbsp;&nbsp;&nbsp;SpO2_Open
<LI><a href="#[20b]">&gt;&gt;</a>&nbsp;&nbsp;&nbsp;pah_sensor_init
<LI><a href="#[3a8]">&gt;&gt;</a>&nbsp;&nbsp;&nbsp;pah_800x_task
<LI><a href="#[3a6]">&gt;&gt;</a>&nbsp;&nbsp;&nbsp;pah_800x_init
<LI><a href="#[226]">&gt;&gt;</a>&nbsp;&nbsp;&nbsp;ble_uart_init
<LI><a href="#[86]">&gt;&gt;</a>&nbsp;&nbsp;&nbsp;ble_nus_on_ble_evt
<LI><a href="#[279]">&gt;&gt;</a>&nbsp;&nbsp;&nbsp;on_write
<LI><a href="#[278]">&gt;&gt;</a>&nbsp;&nbsp;&nbsp;on_connect
<LI><a href="#[fe]">&gt;&gt;</a>&nbsp;&nbsp;&nbsp;PxiAlg_Open_Reentrant
<LI><a href="#[43a]">&gt;&gt;</a>&nbsp;&nbsp;&nbsp;stk2x2_read_fifo_accel_xyz
<LI><a href="#[157]">&gt;&gt;</a>&nbsp;&nbsp;&nbsp;SpO2_Open_internal
</UL>

<P><STRONG><a name="[48a]"></a>__aeabi_memclr8</STRONG> (Thumb, 0 bytes, Stack size 0 bytes, memseta.o(.text), UNUSED)

<P><STRONG><a name="[9c]"></a>_memset$wrapper</STRONG> (Thumb, 18 bytes, Stack size 8 bytes, memseta.o(.text), UNUSED)
<BR><BR>[Calls]<UL><LI><a href="#[9b]">&gt;&gt;</a>&nbsp;&nbsp;&nbsp;__aeabi_memset
</UL>

<P><STRONG><a name="[2cb]"></a>strlen</STRONG> (Thumb, 14 bytes, Stack size 0 bytes, strlen.o(.text))
<BR><BR>[Called By]<UL><LI><a href="#[1f0]">&gt;&gt;</a>&nbsp;&nbsp;&nbsp;gap_params_init
<LI><a href="#[342]">&gt;&gt;</a>&nbsp;&nbsp;&nbsp;nrf_fprintf_fmt
</UL>

<P><STRONG><a name="[1d5]"></a>memcmp</STRONG> (Thumb, 26 bytes, Stack size 12 bytes, memcmp.o(.text))
<BR><BR>[Stack]<UL><LI>Max Depth = 12<LI>Call Chain = memcmp
</UL>
<BR>[Called By]<UL><LI><a href="#[2e2]">&gt;&gt;</a>&nbsp;&nbsp;&nbsp;gscm_local_db_cache_update
<LI><a href="#[2f0]">&gt;&gt;</a>&nbsp;&nbsp;&nbsp;im_master_ids_compare
<LI><a href="#[2ee]">&gt;&gt;</a>&nbsp;&nbsp;&nbsp;im_is_duplicate_bonding_data
<LI><a href="#[2ea]">&gt;&gt;</a>&nbsp;&nbsp;&nbsp;im_address_resolve
<LI><a href="#[1d4]">&gt;&gt;</a>&nbsp;&nbsp;&nbsp;addr_compare
</UL>

<P><STRONG><a name="[ec]"></a>strcpy</STRONG> (Thumb, 18 bytes, Stack size 0 bytes, strcpy.o(.text))
<BR><BR>[Called By]<UL><LI><a href="#[1f0]">&gt;&gt;</a>&nbsp;&nbsp;&nbsp;gap_params_init
<LI><a href="#[12d]">&gt;&gt;</a>&nbsp;&nbsp;&nbsp;_DoInit
<LI><a href="#[eb]">&gt;&gt;</a>&nbsp;&nbsp;&nbsp;Open_SPO2
</UL>

<P><STRONG><a name="[9d]"></a>__aeabi_dadd</STRONG> (Thumb, 322 bytes, Stack size 48 bytes, dadd.o(.text))
<BR><BR>[Stack]<UL><LI>Max Depth = 88<LI>Call Chain = __aeabi_dadd &rArr; _double_epilogue &rArr; _double_round
</UL>
<BR>[Calls]<UL><LI><a href="#[a0]">&gt;&gt;</a>&nbsp;&nbsp;&nbsp;_double_round
<LI><a href="#[9f]">&gt;&gt;</a>&nbsp;&nbsp;&nbsp;_double_epilogue
<LI><a href="#[98]">&gt;&gt;</a>&nbsp;&nbsp;&nbsp;__aeabi_llsl
<LI><a href="#[9e]">&gt;&gt;</a>&nbsp;&nbsp;&nbsp;__aeabi_lasr
</UL>
<BR>[Called By]<UL><LI><a href="#[440]">&gt;&gt;</a>&nbsp;&nbsp;&nbsp;stkFall_setFalling
<LI><a href="#[a2]">&gt;&gt;</a>&nbsp;&nbsp;&nbsp;__aeabi_drsub
<LI><a href="#[a1]">&gt;&gt;</a>&nbsp;&nbsp;&nbsp;__aeabi_dsub
<LI><a href="#[195]">&gt;&gt;</a>&nbsp;&nbsp;&nbsp;__hardfp_round
<LI><a href="#[1a0]">&gt;&gt;</a>&nbsp;&nbsp;&nbsp;_fp_digits
</UL>

<P><STRONG><a name="[a1]"></a>__aeabi_dsub</STRONG> (Thumb, 6 bytes, Stack size 0 bytes, dadd.o(.text))
<BR><BR>[Stack]<UL><LI>Max Depth = 88<LI>Call Chain = __aeabi_dsub &rArr; __aeabi_dadd &rArr; _double_epilogue &rArr; _double_round
</UL>
<BR>[Calls]<UL><LI><a href="#[9d]">&gt;&gt;</a>&nbsp;&nbsp;&nbsp;__aeabi_dadd
</UL>
<BR>[Called By]<UL><LI><a href="#[195]">&gt;&gt;</a>&nbsp;&nbsp;&nbsp;__hardfp_round
</UL>

<P><STRONG><a name="[a2]"></a>__aeabi_drsub</STRONG> (Thumb, 6 bytes, Stack size 0 bytes, dadd.o(.text))
<BR><BR>[Stack]<UL><LI>Max Depth = 88<LI>Call Chain = __aeabi_drsub &rArr; __aeabi_dadd &rArr; _double_epilogue &rArr; _double_round
</UL>
<BR>[Calls]<UL><LI><a href="#[9d]">&gt;&gt;</a>&nbsp;&nbsp;&nbsp;__aeabi_dadd
</UL>
<BR>[Called By]<UL><LI><a href="#[440]">&gt;&gt;</a>&nbsp;&nbsp;&nbsp;stkFall_setFalling
</UL>

<P><STRONG><a name="[a3]"></a>__aeabi_dmul</STRONG> (Thumb, 228 bytes, Stack size 48 bytes, dmul.o(.text))
<BR><BR>[Stack]<UL><LI>Max Depth = 88<LI>Call Chain = __aeabi_dmul &rArr; _double_epilogue &rArr; _double_round
</UL>
<BR>[Calls]<UL><LI><a href="#[9f]">&gt;&gt;</a>&nbsp;&nbsp;&nbsp;_double_epilogue
</UL>
<BR>[Called By]<UL><LI><a href="#[440]">&gt;&gt;</a>&nbsp;&nbsp;&nbsp;stkFall_setFalling
<LI><a href="#[318]">&gt;&gt;</a>&nbsp;&nbsp;&nbsp;motion_state_machine
<LI><a href="#[1a0]">&gt;&gt;</a>&nbsp;&nbsp;&nbsp;_fp_digits
</UL>

<P><STRONG><a name="[a4]"></a>__aeabi_ddiv</STRONG> (Thumb, 222 bytes, Stack size 32 bytes, ddiv.o(.text))
<BR><BR>[Stack]<UL><LI>Max Depth = 40<LI>Call Chain = __aeabi_ddiv &rArr; _double_round
</UL>
<BR>[Calls]<UL><LI><a href="#[a0]">&gt;&gt;</a>&nbsp;&nbsp;&nbsp;_double_round
</UL>
<BR>[Called By]<UL><LI><a href="#[457]">&gt;&gt;</a>&nbsp;&nbsp;&nbsp;stk_setShake
<LI><a href="#[1a0]">&gt;&gt;</a>&nbsp;&nbsp;&nbsp;_fp_digits
</UL>

<P><STRONG><a name="[a5]"></a>__aeabi_i2d</STRONG> (Thumb, 34 bytes, Stack size 16 bytes, dflti.o(.text))
<BR><BR>[Stack]<UL><LI>Max Depth = 56<LI>Call Chain = __aeabi_i2d &rArr; _double_epilogue &rArr; _double_round
</UL>
<BR>[Calls]<UL><LI><a href="#[9f]">&gt;&gt;</a>&nbsp;&nbsp;&nbsp;_double_epilogue
</UL>
<BR>[Called By]<UL><LI><a href="#[44c]">&gt;&gt;</a>&nbsp;&nbsp;&nbsp;stk_checkShake
<LI><a href="#[449]">&gt;&gt;</a>&nbsp;&nbsp;&nbsp;stk_checkSedentary
<LI><a href="#[440]">&gt;&gt;</a>&nbsp;&nbsp;&nbsp;stkFall_setFalling
<LI><a href="#[b6]">&gt;&gt;</a>&nbsp;&nbsp;&nbsp;Enter_Sleep_Tracker
</UL>

<P><STRONG><a name="[a6]"></a>__aeabi_ui2d</STRONG> (Thumb, 26 bytes, Stack size 16 bytes, dfltui.o(.text))
<BR><BR>[Stack]<UL><LI>Max Depth = 56<LI>Call Chain = __aeabi_ui2d &rArr; _double_epilogue &rArr; _double_round
</UL>
<BR>[Calls]<UL><LI><a href="#[9f]">&gt;&gt;</a>&nbsp;&nbsp;&nbsp;_double_epilogue
</UL>
<BR>[Called By]<UL><LI><a href="#[457]">&gt;&gt;</a>&nbsp;&nbsp;&nbsp;stk_setShake
<LI><a href="#[44c]">&gt;&gt;</a>&nbsp;&nbsp;&nbsp;stk_checkShake
<LI><a href="#[449]">&gt;&gt;</a>&nbsp;&nbsp;&nbsp;stk_checkSedentary
<LI><a href="#[43e]">&gt;&gt;</a>&nbsp;&nbsp;&nbsp;stkFall_checkFalling
<LI><a href="#[b6]">&gt;&gt;</a>&nbsp;&nbsp;&nbsp;Enter_Sleep_Tracker
</UL>

<P><STRONG><a name="[a7]"></a>__aeabi_d2uiz</STRONG> (Thumb, 50 bytes, Stack size 8 bytes, dfixui.o(.text))
<BR><BR>[Stack]<UL><LI>Max Depth = 8<LI>Call Chain = __aeabi_d2uiz
</UL>
<BR>[Calls]<UL><LI><a href="#[97]">&gt;&gt;</a>&nbsp;&nbsp;&nbsp;__aeabi_llsr
</UL>
<BR>[Called By]<UL><LI><a href="#[457]">&gt;&gt;</a>&nbsp;&nbsp;&nbsp;stk_setShake
</UL>

<P><STRONG><a name="[319]"></a>__aeabi_f2d</STRONG> (Thumb, 38 bytes, Stack size 0 bytes, f2d.o(.text))
<BR><BR>[Called By]<UL><LI><a href="#[43e]">&gt;&gt;</a>&nbsp;&nbsp;&nbsp;stkFall_checkFalling
<LI><a href="#[318]">&gt;&gt;</a>&nbsp;&nbsp;&nbsp;motion_state_machine
</UL>

<P><STRONG><a name="[48b]"></a>__aeabi_cdcmpeq</STRONG> (Thumb, 0 bytes, Stack size 0 bytes, cdcmple.o(.text), UNUSED)

<P><STRONG><a name="[196]"></a>__aeabi_cdcmple</STRONG> (Thumb, 48 bytes, Stack size 0 bytes, cdcmple.o(.text))
<BR><BR>[Called By]<UL><LI><a href="#[43e]">&gt;&gt;</a>&nbsp;&nbsp;&nbsp;stkFall_checkFalling
<LI><a href="#[318]">&gt;&gt;</a>&nbsp;&nbsp;&nbsp;motion_state_machine
<LI><a href="#[195]">&gt;&gt;</a>&nbsp;&nbsp;&nbsp;__hardfp_round
</UL>

<P><STRONG><a name="[b8]"></a>__aeabi_cdrcmple</STRONG> (Thumb, 48 bytes, Stack size 0 bytes, cdrcmple.o(.text))
<BR><BR>[Called By]<UL><LI><a href="#[44c]">&gt;&gt;</a>&nbsp;&nbsp;&nbsp;stk_checkShake
<LI><a href="#[449]">&gt;&gt;</a>&nbsp;&nbsp;&nbsp;stk_checkSedentary
<LI><a href="#[43e]">&gt;&gt;</a>&nbsp;&nbsp;&nbsp;stkFall_checkFalling
<LI><a href="#[b6]">&gt;&gt;</a>&nbsp;&nbsp;&nbsp;Enter_Sleep_Tracker
<LI><a href="#[195]">&gt;&gt;</a>&nbsp;&nbsp;&nbsp;__hardfp_round
<LI><a href="#[1a0]">&gt;&gt;</a>&nbsp;&nbsp;&nbsp;_fp_digits
</UL>

<P><STRONG><a name="[a8]"></a>__aeabi_d2f</STRONG> (Thumb, 56 bytes, Stack size 8 bytes, d2f.o(.text))
<BR><BR>[Stack]<UL><LI>Max Depth = 8<LI>Call Chain = __aeabi_d2f
</UL>
<BR>[Calls]<UL><LI><a href="#[a9]">&gt;&gt;</a>&nbsp;&nbsp;&nbsp;_float_round
</UL>
<BR>[Called By]<UL><LI><a href="#[440]">&gt;&gt;</a>&nbsp;&nbsp;&nbsp;stkFall_setFalling
</UL>

<P><STRONG><a name="[48c]"></a>__aeabi_uidiv</STRONG> (Thumb, 0 bytes, Stack size 12 bytes, uidiv.o(.text), UNUSED)

<P><STRONG><a name="[1a3]"></a>__aeabi_uidivmod</STRONG> (Thumb, 44 bytes, Stack size 12 bytes, uidiv.o(.text), UNUSED)
<BR><BR>[Called By]<UL><LI><a href="#[18e]">&gt;&gt;</a>&nbsp;&nbsp;&nbsp;_printf_core
</UL>

<P><STRONG><a name="[9e]"></a>__aeabi_lasr</STRONG> (Thumb, 36 bytes, Stack size 0 bytes, llsshr.o(.text))
<BR><BR>[Called By]<UL><LI><a href="#[9d]">&gt;&gt;</a>&nbsp;&nbsp;&nbsp;__aeabi_dadd
</UL>

<P><STRONG><a name="[48d]"></a>_ll_sshift_r</STRONG> (Thumb, 0 bytes, Stack size 0 bytes, llsshr.o(.text), UNUSED)

<P><STRONG><a name="[48e]"></a>__I$use$fp</STRONG> (Thumb, 0 bytes, Stack size 0 bytes, iusefp.o(.text), UNUSED)

<P><STRONG><a name="[a9]"></a>_float_round</STRONG> (Thumb, 18 bytes, Stack size 0 bytes, fepilogue.o(.text))
<BR><BR>[Called By]<UL><LI><a href="#[a8]">&gt;&gt;</a>&nbsp;&nbsp;&nbsp;__aeabi_d2f
</UL>

<P><STRONG><a name="[48f]"></a>_float_epilogue</STRONG> (Thumb, 92 bytes, Stack size 4 bytes, fepilogue.o(.text), UNUSED)

<P><STRONG><a name="[a0]"></a>_double_round</STRONG> (Thumb, 30 bytes, Stack size 8 bytes, depilogue.o(.text))
<BR><BR>[Stack]<UL><LI>Max Depth = 8<LI>Call Chain = _double_round
</UL>
<BR>[Called By]<UL><LI><a href="#[9d]">&gt;&gt;</a>&nbsp;&nbsp;&nbsp;__aeabi_dadd
<LI><a href="#[a4]">&gt;&gt;</a>&nbsp;&nbsp;&nbsp;__aeabi_ddiv
<LI><a href="#[aa]">&gt;&gt;</a>&nbsp;&nbsp;&nbsp;_drnd
<LI><a href="#[9f]">&gt;&gt;</a>&nbsp;&nbsp;&nbsp;_double_epilogue
</UL>

<P><STRONG><a name="[9f]"></a>_double_epilogue</STRONG> (Thumb, 156 bytes, Stack size 32 bytes, depilogue.o(.text))
<BR><BR>[Stack]<UL><LI>Max Depth = 40<LI>Call Chain = _double_epilogue &rArr; _double_round
</UL>
<BR>[Calls]<UL><LI><a href="#[a0]">&gt;&gt;</a>&nbsp;&nbsp;&nbsp;_double_round
<LI><a href="#[97]">&gt;&gt;</a>&nbsp;&nbsp;&nbsp;__aeabi_llsr
<LI><a href="#[98]">&gt;&gt;</a>&nbsp;&nbsp;&nbsp;__aeabi_llsl
</UL>
<BR>[Called By]<UL><LI><a href="#[a6]">&gt;&gt;</a>&nbsp;&nbsp;&nbsp;__aeabi_ui2d
<LI><a href="#[a5]">&gt;&gt;</a>&nbsp;&nbsp;&nbsp;__aeabi_i2d
<LI><a href="#[a3]">&gt;&gt;</a>&nbsp;&nbsp;&nbsp;__aeabi_dmul
<LI><a href="#[9d]">&gt;&gt;</a>&nbsp;&nbsp;&nbsp;__aeabi_dadd
</UL>

<P><STRONG><a name="[aa]"></a>_drnd</STRONG> (Thumb, 132 bytes, Stack size 24 bytes, drnd.o(.text))
<BR><BR>[Stack]<UL><LI>Max Depth = 32<LI>Call Chain = _drnd &rArr; _double_round
</UL>
<BR>[Calls]<UL><LI><a href="#[a0]">&gt;&gt;</a>&nbsp;&nbsp;&nbsp;_double_round
<LI><a href="#[97]">&gt;&gt;</a>&nbsp;&nbsp;&nbsp;__aeabi_llsr
<LI><a href="#[98]">&gt;&gt;</a>&nbsp;&nbsp;&nbsp;__aeabi_llsl
</UL>
<BR>[Called By]<UL><LI><a href="#[195]">&gt;&gt;</a>&nbsp;&nbsp;&nbsp;__hardfp_round
</UL>

<P><STRONG><a name="[ab]"></a>__aeabi_d2ulz</STRONG> (Thumb, 48 bytes, Stack size 0 bytes, dfixul.o(.text), UNUSED)
<BR><BR>[Calls]<UL><LI><a href="#[97]">&gt;&gt;</a>&nbsp;&nbsp;&nbsp;__aeabi_llsr
<LI><a href="#[98]">&gt;&gt;</a>&nbsp;&nbsp;&nbsp;__aeabi_llsl
</UL>
<BR>[Called By]<UL><LI><a href="#[1a0]">&gt;&gt;</a>&nbsp;&nbsp;&nbsp;_fp_digits
</UL>

<P><STRONG><a name="[93]"></a>__scatterload</STRONG> (Thumb, 28 bytes, Stack size 0 bytes, init.o(.text))
<BR><BR>[Calls]<UL><LI><a href="#[ac]">&gt;&gt;</a>&nbsp;&nbsp;&nbsp;__main_after_scatterload
</UL>
<BR>[Called By]<UL><LI><a href="#[92]">&gt;&gt;</a>&nbsp;&nbsp;&nbsp;_main_scatterload
</UL>

<P><STRONG><a name="[490]"></a>__scatterload_rt2</STRONG> (Thumb, 0 bytes, Stack size 0 bytes, init.o(.text), UNUSED)

<P><STRONG><a name="[491]"></a>__decompress</STRONG> (Thumb, 0 bytes, Stack size unknown bytes, __dczerorl2.o(.text), UNUSED)

<P><STRONG><a name="[492]"></a>__decompress1</STRONG> (Thumb, 86 bytes, Stack size unknown bytes, __dczerorl2.o(.text), UNUSED)

<P><STRONG><a name="[f5]"></a>AEControl</STRONG> (Thumb, 704 bytes, Stack size 20 bytes, BioMain.o(i.AEControl))
<BR><BR>[Stack]<UL><LI>Max Depth = 20<LI>Call Chain = AEControl
</UL>
<BR>[Called By]<UL><LI><a href="#[f4]">&gt;&gt;</a>&nbsp;&nbsp;&nbsp;Process_CBioMain_common
</UL>

<P><STRONG><a name="[ad]"></a>BandPassFilter</STRONG> (Thumb, 226 bytes, Stack size 32 bytes, Filter_BPF_s50Hz_c0p45_c3p5Hz.o(i.BandPassFilter))
<BR><BR>[Stack]<UL><LI>Max Depth = 48<LI>Call Chain = BandPassFilter &rArr; __hardfp_sqrtf
</UL>
<BR>[Calls]<UL><LI><a href="#[af]">&gt;&gt;</a>&nbsp;&nbsp;&nbsp;FixedPoint
<LI><a href="#[ae]">&gt;&gt;</a>&nbsp;&nbsp;&nbsp;Process_HPF_s50Hz_c0p45_c3p5Hz
<LI><a href="#[b0]">&gt;&gt;</a>&nbsp;&nbsp;&nbsp;__hardfp_sqrtf
</UL>
<BR>[Called By]<UL><LI><a href="#[ef]">&gt;&gt;</a>&nbsp;&nbsp;&nbsp;ProcessLMSNew
</UL>

<P><STRONG><a name="[b1]"></a>Cal_PI</STRONG> (Thumb, 600 bytes, Stack size 216 bytes, Cal_SpO2_PI.o(i.Cal_PI))
<BR><BR>[Stack]<UL><LI>Max Depth = 232<LI>Call Chain = Cal_PI &rArr; __hardfp_sqrtf
</UL>
<BR>[Calls]<UL><LI><a href="#[b0]">&gt;&gt;</a>&nbsp;&nbsp;&nbsp;__hardfp_sqrtf
</UL>
<BR>[Called By]<UL><LI><a href="#[ef]">&gt;&gt;</a>&nbsp;&nbsp;&nbsp;ProcessLMSNew
</UL>

<P><STRONG><a name="[b5]"></a>Close_AFLMS</STRONG> (Thumb, 2 bytes, Stack size 0 bytes, LMS.o(i.Close_AFLMS))
<BR><BR>[Called By]<UL><LI><a href="#[b3]">&gt;&gt;</a>&nbsp;&nbsp;&nbsp;Close_SPO2
</UL>

<P><STRONG><a name="[b2]"></a>Close_CBioMain</STRONG> (Thumb, 4 bytes, Stack size 0 bytes, BioMain.o(i.Close_CBioMain))
<BR><BR>[Stack]<UL><LI>Max Depth = 8<LI>Call Chain = Close_CBioMain &rArr; Close_SPO2
</UL>
<BR>[Calls]<UL><LI><a href="#[b3]">&gt;&gt;</a>&nbsp;&nbsp;&nbsp;Close_SPO2
</UL>
<BR>[Called By]<UL><LI><a href="#[153]">&gt;&gt;</a>&nbsp;&nbsp;&nbsp;SpO2_Close
</UL>

<P><STRONG><a name="[b4]"></a>Close_HPF_s50Hz_c0p45_c3p5Hz</STRONG> (Thumb, 2 bytes, Stack size 0 bytes, Filter_BPF_s50Hz_c0p45_c3p5Hz.o(i.Close_HPF_s50Hz_c0p45_c3p5Hz))
<BR><BR>[Called By]<UL><LI><a href="#[b3]">&gt;&gt;</a>&nbsp;&nbsp;&nbsp;Close_SPO2
</UL>

<P><STRONG><a name="[b3]"></a>Close_SPO2</STRONG> (Thumb, 32 bytes, Stack size 8 bytes, SpO2.o(i.Close_SPO2))
<BR><BR>[Stack]<UL><LI>Max Depth = 8<LI>Call Chain = Close_SPO2
</UL>
<BR>[Calls]<UL><LI><a href="#[b4]">&gt;&gt;</a>&nbsp;&nbsp;&nbsp;Close_HPF_s50Hz_c0p45_c3p5Hz
<LI><a href="#[b5]">&gt;&gt;</a>&nbsp;&nbsp;&nbsp;Close_AFLMS
</UL>
<BR>[Called By]<UL><LI><a href="#[f0]">&gt;&gt;</a>&nbsp;&nbsp;&nbsp;ProcessSpO2
<LI><a href="#[b2]">&gt;&gt;</a>&nbsp;&nbsp;&nbsp;Close_CBioMain
</UL>

<P><STRONG><a name="[b6]"></a>Enter_Sleep_Tracker</STRONG> (Thumb, 430 bytes, Stack size 80 bytes, stk_sleep_tracker_lib.o(i.Enter_Sleep_Tracker))
<BR><BR>[Stack]<UL><LI>Max Depth = 188<LI>Call Chain = Enter_Sleep_Tracker &rArr; checkExitSleep &rArr; SetAwake &rArr; RecordWakeUpTime
</UL>
<BR>[Calls]<UL><LI><a href="#[a6]">&gt;&gt;</a>&nbsp;&nbsp;&nbsp;__aeabi_ui2d
<LI><a href="#[a5]">&gt;&gt;</a>&nbsp;&nbsp;&nbsp;__aeabi_i2d
<LI><a href="#[b8]">&gt;&gt;</a>&nbsp;&nbsp;&nbsp;__aeabi_cdrcmple
<LI><a href="#[b9]">&gt;&gt;</a>&nbsp;&nbsp;&nbsp;checkStartSleep
<LI><a href="#[ba]">&gt;&gt;</a>&nbsp;&nbsp;&nbsp;checkJustSleep
<LI><a href="#[bb]">&gt;&gt;</a>&nbsp;&nbsp;&nbsp;checkExitSleep
<LI><a href="#[bc]">&gt;&gt;</a>&nbsp;&nbsp;&nbsp;RecordBeforeTime
<LI><a href="#[b7]">&gt;&gt;</a>&nbsp;&nbsp;&nbsp;abs
</UL>
<BR>[Called By]<UL><LI><a href="#[43b]">&gt;&gt;</a>&nbsp;&nbsp;&nbsp;stkMotion_INT_Process_Data
</UL>

<P><STRONG><a name="[bd]"></a>FilterProcessLMS</STRONG> (Thumb, 360 bytes, Stack size 48 bytes, SpO2.o(i.FilterProcessLMS))
<BR><BR>[Stack]<UL><LI>Max Depth = 64<LI>Call Chain = FilterProcessLMS &rArr; Process_AFLMS
</UL>
<BR>[Calls]<UL><LI><a href="#[be]">&gt;&gt;</a>&nbsp;&nbsp;&nbsp;Process_AFLMS
<LI><a href="#[af]">&gt;&gt;</a>&nbsp;&nbsp;&nbsp;FixedPoint
<LI><a href="#[b0]">&gt;&gt;</a>&nbsp;&nbsp;&nbsp;__hardfp_sqrtf
</UL>
<BR>[Called By]<UL><LI><a href="#[ef]">&gt;&gt;</a>&nbsp;&nbsp;&nbsp;ProcessLMSNew
</UL>

<P><STRONG><a name="[af]"></a>FixedPoint</STRONG> (Thumb, 2 bytes, Stack size 0 bytes, fixedpoint.o(i.FixedPoint))
<BR><BR>[Called By]<UL><LI><a href="#[db]">&gt;&gt;</a>&nbsp;&nbsp;&nbsp;NormalizationDC
<LI><a href="#[ad]">&gt;&gt;</a>&nbsp;&nbsp;&nbsp;BandPassFilter
<LI><a href="#[ef]">&gt;&gt;</a>&nbsp;&nbsp;&nbsp;ProcessLMSNew
<LI><a href="#[bd]">&gt;&gt;</a>&nbsp;&nbsp;&nbsp;FilterProcessLMS
<LI><a href="#[f7]">&gt;&gt;</a>&nbsp;&nbsp;&nbsp;SetData
</UL>

<P><STRONG><a name="[19]"></a>GPIOTE_IRQHandler</STRONG> (Thumb, 154 bytes, Stack size 32 bytes, nrfx_gpiote.o(i.GPIOTE_IRQHandler))
<BR><BR>[Stack]<UL><LI>Max Depth = 88<LI>Call Chain = GPIOTE_IRQHandler &rArr; port_event_handle &rArr; nrf_gpio_latches_read_and_clear
</UL>
<BR>[Calls]<UL><LI><a href="#[c2]">&gt;&gt;</a>&nbsp;&nbsp;&nbsp;port_event_handle
<LI><a href="#[bf]">&gt;&gt;</a>&nbsp;&nbsp;&nbsp;nrf_gpiote_event_is_set
<LI><a href="#[c0]">&gt;&gt;</a>&nbsp;&nbsp;&nbsp;nrf_gpiote_event_clear
<LI><a href="#[c1]">&gt;&gt;</a>&nbsp;&nbsp;&nbsp;nrf_gpio_latches_read_and_clear
</UL>
<BR>[Address Reference Count : 1]<UL><LI> arm_startup_nrf52.o(RESET)
</UL>
<P><STRONG><a name="[448]"></a>Get_Sleep_Status</STRONG> (Thumb, 44 bytes, Stack size 0 bytes, stk_sleep_tracker_lib.o(i.Get_Sleep_Status))
<BR><BR>[Called By]<UL><LI><a href="#[43b]">&gt;&gt;</a>&nbsp;&nbsp;&nbsp;stkMotion_INT_Process_Data
</UL>

<P><STRONG><a name="[c3]"></a>HR_Detect_Close</STRONG> (Thumb, 4 bytes, Stack size 0 bytes, Hr_motion_function.o(i.HR_Detect_Close))
<BR><BR>[Calls]<UL><LI><a href="#[c4]">&gt;&gt;</a>&nbsp;&nbsp;&nbsp;shr_close
</UL>
<BR>[Called By]<UL><LI><a href="#[f9]">&gt;&gt;</a>&nbsp;&nbsp;&nbsp;PxiAlg_Close_Reentrant
</UL>

<P><STRONG><a name="[c5]"></a>HR_Detect_Open</STRONG> (Thumb, 4 bytes, Stack size 0 bytes, Hr_motion_function.o(i.HR_Detect_Open))
<BR><BR>[Stack]<UL><LI>Max Depth = 32<LI>Call Chain = HR_Detect_Open &rArr; shr_open &rArr; shr_reset &rArr; hrv_reset &rArr; shr_reset_struct_SHrRRI
</UL>
<BR>[Calls]<UL><LI><a href="#[c6]">&gt;&gt;</a>&nbsp;&nbsp;&nbsp;shr_open
</UL>
<BR>[Called By]<UL><LI><a href="#[fe]">&gt;&gt;</a>&nbsp;&nbsp;&nbsp;PxiAlg_Open_Reentrant
</UL>

<P><STRONG><a name="[c7]"></a>HR_Detect_Process_expo</STRONG> (Thumb, 120 bytes, Stack size 40 bytes, Hr_motion_function.o(i.HR_Detect_Process_expo))
<BR><BR>[Stack]<UL><LI>Max Depth = 332<LI>Call Chain = HR_Detect_Process_expo &rArr; shr_process &rArr; compute_hr &rArr; fft2hr &rArr; shr_fft &rArr; __hardfp_sinf &rArr; __mathlib_rredf2
</UL>
<BR>[Calls]<UL><LI><a href="#[c8]">&gt;&gt;</a>&nbsp;&nbsp;&nbsp;ofn_hr_debug_log_param
<LI><a href="#[ca]">&gt;&gt;</a>&nbsp;&nbsp;&nbsp;shr_process
<LI><a href="#[c9]">&gt;&gt;</a>&nbsp;&nbsp;&nbsp;shr_mems_process
</UL>
<BR>[Called By]<UL><LI><a href="#[cb]">&gt;&gt;</a>&nbsp;&nbsp;&nbsp;HR_Detect_Process_resample
</UL>

<P><STRONG><a name="[cb]"></a>HR_Detect_Process_resample</STRONG> (Thumb, 214 bytes, Stack size 56 bytes, Hr_motion_function.o(i.HR_Detect_Process_resample))
<BR><BR>[Stack]<UL><LI>Max Depth = 388<LI>Call Chain = HR_Detect_Process_resample &rArr; HR_Detect_Process_expo &rArr; shr_process &rArr; compute_hr &rArr; fft2hr &rArr; shr_fft &rArr; __hardfp_sinf &rArr; __mathlib_rredf2
</UL>
<BR>[Calls]<UL><LI><a href="#[c7]">&gt;&gt;</a>&nbsp;&nbsp;&nbsp;HR_Detect_Process_expo
</UL>
<BR>[Called By]<UL><LI><a href="#[105]">&gt;&gt;</a>&nbsp;&nbsp;&nbsp;PxiAlg_Process_Expo_Reentrant
</UL>

<P><STRONG><a name="[cc]"></a>HR_Reset</STRONG> (Thumb, 4 bytes, Stack size 0 bytes, Hr_motion_function.o(i.HR_Reset))
<BR><BR>[Stack]<UL><LI>Max Depth = 24<LI>Call Chain = HR_Reset &rArr; shr_reset &rArr; hrv_reset &rArr; shr_reset_struct_SHrRRI
</UL>
<BR>[Calls]<UL><LI><a href="#[cd]">&gt;&gt;</a>&nbsp;&nbsp;&nbsp;shr_reset
</UL>
<BR>[Called By]<UL><LI><a href="#[105]">&gt;&gt;</a>&nbsp;&nbsp;&nbsp;PxiAlg_Process_Expo_Reentrant
</UL>

<P><STRONG><a name="[108]"></a>HR_SetForceOutput_link</STRONG> (Thumb, 52 bytes, Stack size 12 bytes, Hr_motion_function.o(i.HR_SetForceOutput_link))
<BR><BR>[Stack]<UL><LI>Max Depth = 12<LI>Call Chain = HR_SetForceOutput_link
</UL>
<BR>[Called By]<UL><LI><a href="#[107]">&gt;&gt;</a>&nbsp;&nbsp;&nbsp;PxiAlg_SetForceOutputLink_Reentrant
</UL>

<P><STRONG><a name="[10b]"></a>HR_SetForceRipple</STRONG> (Thumb, 22 bytes, Stack size 0 bytes, Hr_motion_function.o(i.HR_SetForceRipple))
<BR><BR>[Called By]<UL><LI><a href="#[10a]">&gt;&gt;</a>&nbsp;&nbsp;&nbsp;PxiAlg_SetForceRipple_Reentrant
</UL>

<P><STRONG><a name="[10e]"></a>HR_SetHRSmoothWeight</STRONG> (Thumb, 36 bytes, Stack size 0 bytes, Hr_motion_function.o(i.HR_SetHRSmoothWeight))
<BR><BR>[Called By]<UL><LI><a href="#[10d]">&gt;&gt;</a>&nbsp;&nbsp;&nbsp;PxiAlg_SetHRSmoothWeight_Reentrant
</UL>

<P><STRONG><a name="[114]"></a>HR_SetMemsScale</STRONG> (Thumb, 72 bytes, Stack size 0 bytes, Hr_motion_function.o(i.HR_SetMemsScale))
<BR><BR>[Called By]<UL><LI><a href="#[110]">&gt;&gt;</a>&nbsp;&nbsp;&nbsp;PxiAlg_SetMemsScale_Reentrant
</UL>

<P><STRONG><a name="[113]"></a>HR_SetMemsScale_base</STRONG> (Thumb, 96 bytes, Stack size 0 bytes, Hr_motion_function.o(i.HR_SetMemsScale_base))
<BR><BR>[Called By]<UL><LI><a href="#[112]">&gt;&gt;</a>&nbsp;&nbsp;&nbsp;PxiAlg_SetMemsScaleBase_Reentrant
</UL>

<P><STRONG><a name="[117]"></a>HR_SetNormalOutput</STRONG> (Thumb, 44 bytes, Stack size 8 bytes, Hr_motion_function.o(i.HR_SetNormalOutput))
<BR><BR>[Stack]<UL><LI>Max Depth = 8<LI>Call Chain = HR_SetNormalOutput
</UL>
<BR>[Called By]<UL><LI><a href="#[116]">&gt;&gt;</a>&nbsp;&nbsp;&nbsp;PxiAlg_SetNormalOutput_Reentrant
</UL>

<P><STRONG><a name="[11a]"></a>HR_SetPackage</STRONG> (Thumb, 26 bytes, Stack size 0 bytes, Hr_motion_function.o(i.HR_SetPackage))
<BR><BR>[Called By]<UL><LI><a href="#[119]">&gt;&gt;</a>&nbsp;&nbsp;&nbsp;PxiAlg_SetPackage_Reentrant
</UL>

<P><STRONG><a name="[11d]"></a>HR_SetProcWindow</STRONG> (Thumb, 112 bytes, Stack size 0 bytes, Hr_motion_function.o(i.HR_SetProcWindow))
<BR><BR>[Called By]<UL><LI><a href="#[11c]">&gt;&gt;</a>&nbsp;&nbsp;&nbsp;PxiAlg_SetProcWindow_Reentrant
</UL>

<P><STRONG><a name="[120]"></a>HR_SetQualityThreshold</STRONG> (Thumb, 26 bytes, Stack size 0 bytes, Hr_motion_function.o(i.HR_SetQualityThreshold))
<BR><BR>[Called By]<UL><LI><a href="#[11f]">&gt;&gt;</a>&nbsp;&nbsp;&nbsp;PxiAlg_SetQualityThreshold_Reentrant
</UL>

<P><STRONG><a name="[123]"></a>HR_SetSkipSampleNum</STRONG> (Thumb, 16 bytes, Stack size 0 bytes, Hr_motion_function.o(i.HR_SetSkipSampleNum))
<BR><BR>[Called By]<UL><LI><a href="#[122]">&gt;&gt;</a>&nbsp;&nbsp;&nbsp;PxiAlg_SetSkipSampleNum_Reentrant
</UL>

<P><STRONG><a name="[126]"></a>HR_SetTimeOutLength</STRONG> (Thumb, 16 bytes, Stack size 0 bytes, Hr_motion_function.o(i.HR_SetTimeOutLength))
<BR><BR>[Called By]<UL><LI><a href="#[125]">&gt;&gt;</a>&nbsp;&nbsp;&nbsp;PxiAlg_SetTimeoutLength_Reentrant
</UL>

<P><STRONG><a name="[dd]"></a>Initialize_AFLMS</STRONG> (Thumb, 24 bytes, Stack size 0 bytes, LMS.o(i.Initialize_AFLMS))
<BR><BR>[Called By]<UL><LI><a href="#[dc]">&gt;&gt;</a>&nbsp;&nbsp;&nbsp;Open_AFLMS
</UL>

<P><STRONG><a name="[ce]"></a>L1_receive_data</STRONG> (Thumb, 360 bytes, Stack size 40 bytes, bd_communicate_protocol.o(i.L1_receive_data))
<BR><BR>[Stack]<UL><LI>Max Depth = 308<LI>Call Chain = L1_receive_data &rArr; L2_frame_resolve &rArr; L1_send &rArr; schedule_async_send &rArr; nrf_log_frontend_std_0 &rArr; std_n &rArr; nrf_log_frontend_dequeue &rArr;  nrf_log_frontend_std_0 (Cycle)
</UL>
<BR>[Calls]<UL><LI><a href="#[d0]">&gt;&gt;</a>&nbsp;&nbsp;&nbsp;nrf_log_frontend_std_0
<LI><a href="#[cf]">&gt;&gt;</a>&nbsp;&nbsp;&nbsp;app_timer_stop
<LI><a href="#[d6]">&gt;&gt;</a>&nbsp;&nbsp;&nbsp;app_timer_start
<LI><a href="#[d3]">&gt;&gt;</a>&nbsp;&nbsp;&nbsp;bd_crc16
<LI><a href="#[d4]">&gt;&gt;</a>&nbsp;&nbsp;&nbsp;L1_receive_response
<LI><a href="#[d1]">&gt;&gt;</a>&nbsp;&nbsp;&nbsp;response_package_handle
<LI><a href="#[d5]">&gt;&gt;</a>&nbsp;&nbsp;&nbsp;L2_frame_resolve
<LI><a href="#[d2]">&gt;&gt;</a>&nbsp;&nbsp;&nbsp;__aeabi_memcpy
</UL>
<BR>[Called By]<UL><LI><a href="#[48]">&gt;&gt;</a>&nbsp;&nbsp;&nbsp;app_uart_rx_data_handler
</UL>

<P><STRONG><a name="[d4]"></a>L1_receive_response</STRONG> (Thumb, 24 bytes, Stack size 8 bytes, bd_communicate_protocol.o(i.L1_receive_response))
<BR><BR>[Stack]<UL><LI>Max Depth = 220<LI>Call Chain = L1_receive_response &rArr; schedule_async_send &rArr; nrf_log_frontend_std_0 &rArr; std_n &rArr; nrf_log_frontend_dequeue &rArr;  nrf_log_frontend_std_0 (Cycle)
</UL>
<BR>[Calls]<UL><LI><a href="#[4a]">&gt;&gt;</a>&nbsp;&nbsp;&nbsp;schedule_async_send
</UL>
<BR>[Called By]<UL><LI><a href="#[ce]">&gt;&gt;</a>&nbsp;&nbsp;&nbsp;L1_receive_data
</UL>

<P><STRONG><a name="[d8]"></a>L1_send</STRONG> (Thumb, 122 bytes, Stack size 24 bytes, bd_communicate_protocol.o(i.L1_send))
<BR><BR>[Stack]<UL><LI>Max Depth = 236<LI>Call Chain = L1_send &rArr; schedule_async_send &rArr; nrf_log_frontend_std_0 &rArr; std_n &rArr; nrf_log_frontend_dequeue &rArr;  nrf_log_frontend_std_0 (Cycle)
</UL>
<BR>[Calls]<UL><LI><a href="#[d3]">&gt;&gt;</a>&nbsp;&nbsp;&nbsp;bd_crc16
<LI><a href="#[4a]">&gt;&gt;</a>&nbsp;&nbsp;&nbsp;schedule_async_send
</UL>
<BR>[Called By]<UL><LI><a href="#[2]">&gt;&gt;</a>&nbsp;&nbsp;&nbsp;process_app_save_history
<LI><a href="#[d5]">&gt;&gt;</a>&nbsp;&nbsp;&nbsp;L2_frame_resolve
</UL>

<P><STRONG><a name="[db]"></a>NormalizationDC</STRONG> (Thumb, 180 bytes, Stack size 32 bytes, Filter_BPF_s50Hz_c0p45_c3p5Hz.o(i.NormalizationDC))
<BR><BR>[Stack]<UL><LI>Max Depth = 32<LI>Call Chain = NormalizationDC
</UL>
<BR>[Calls]<UL><LI><a href="#[af]">&gt;&gt;</a>&nbsp;&nbsp;&nbsp;FixedPoint
</UL>
<BR>[Called By]<UL><LI><a href="#[ef]">&gt;&gt;</a>&nbsp;&nbsp;&nbsp;ProcessLMSNew
</UL>

<P><STRONG><a name="[dc]"></a>Open_AFLMS</STRONG> (Thumb, 56 bytes, Stack size 8 bytes, LMS.o(i.Open_AFLMS))
<BR><BR>[Stack]<UL><LI>Max Depth = 8<LI>Call Chain = Open_AFLMS
</UL>
<BR>[Calls]<UL><LI><a href="#[dd]">&gt;&gt;</a>&nbsp;&nbsp;&nbsp;Initialize_AFLMS
</UL>
<BR>[Called By]<UL><LI><a href="#[eb]">&gt;&gt;</a>&nbsp;&nbsp;&nbsp;Open_SPO2
</UL>

<P><STRONG><a name="[de]"></a>Open_CBioMain</STRONG> (Thumb, 788 bytes, Stack size 32 bytes, BioMain.o(i.Open_CBioMain))
<BR><BR>[Stack]<UL><LI>Max Depth = 64<LI>Call Chain = Open_CBioMain &rArr; rri_HR_Detect_Open &rArr; rri_shr_open &rArr; rri_shr_reset &rArr; rri_hrv_reset &rArr; rri_shr_reset_struct_SHrRRI
</UL>
<BR>[Calls]<UL><LI><a href="#[e4]">&gt;&gt;</a>&nbsp;&nbsp;&nbsp;rri_HR_SetSkipSampleNum
<LI><a href="#[e1]">&gt;&gt;</a>&nbsp;&nbsp;&nbsp;rri_HR_SetQualityThreshold
<LI><a href="#[e3]">&gt;&gt;</a>&nbsp;&nbsp;&nbsp;rri_HR_SetProcWindow
<LI><a href="#[e7]">&gt;&gt;</a>&nbsp;&nbsp;&nbsp;rri_HR_SetNormalOutput
<LI><a href="#[e5]">&gt;&gt;</a>&nbsp;&nbsp;&nbsp;rri_HR_SetMemsScale_base
<LI><a href="#[e2]">&gt;&gt;</a>&nbsp;&nbsp;&nbsp;rri_HR_SetHRSmoothWeight
<LI><a href="#[e8]">&gt;&gt;</a>&nbsp;&nbsp;&nbsp;rri_HR_SetForceRipple
<LI><a href="#[e6]">&gt;&gt;</a>&nbsp;&nbsp;&nbsp;rri_HR_SetForceOutput_link
<LI><a href="#[e0]">&gt;&gt;</a>&nbsp;&nbsp;&nbsp;rri_HR_Detect_Open
<LI><a href="#[df]">&gt;&gt;</a>&nbsp;&nbsp;&nbsp;ResetBuffer
</UL>
<BR>[Called By]<UL><LI><a href="#[155]">&gt;&gt;</a>&nbsp;&nbsp;&nbsp;SpO2_Open
<LI><a href="#[157]">&gt;&gt;</a>&nbsp;&nbsp;&nbsp;SpO2_Open_internal
</UL>

<P><STRONG><a name="[e9]"></a>Open_HPF_s50Hz_c0p45_c3p5Hz</STRONG> (Thumb, 4 bytes, Stack size 0 bytes, Filter_BPF_s50Hz_c0p45_c3p5Hz.o(i.Open_HPF_s50Hz_c0p45_c3p5Hz))
<BR><BR>[Calls]<UL><LI><a href="#[ea]">&gt;&gt;</a>&nbsp;&nbsp;&nbsp;initialize_HPF_s50Hz_c0p45_c3p5Hz
</UL>
<BR>[Called By]<UL><LI><a href="#[eb]">&gt;&gt;</a>&nbsp;&nbsp;&nbsp;Open_SPO2
</UL>

<P><STRONG><a name="[eb]"></a>Open_SPO2</STRONG> (Thumb, 274 bytes, Stack size 280 bytes, SpO2.o(i.Open_SPO2))
<BR><BR>[Stack]<UL><LI>Max Depth = 288<LI>Call Chain = Open_SPO2 &rArr; Open_AFLMS
</UL>
<BR>[Calls]<UL><LI><a href="#[e9]">&gt;&gt;</a>&nbsp;&nbsp;&nbsp;Open_HPF_s50Hz_c0p45_c3p5Hz
<LI><a href="#[dc]">&gt;&gt;</a>&nbsp;&nbsp;&nbsp;Open_AFLMS
<LI><a href="#[ec]">&gt;&gt;</a>&nbsp;&nbsp;&nbsp;strcpy
</UL>
<BR>[Called By]<UL><LI><a href="#[f0]">&gt;&gt;</a>&nbsp;&nbsp;&nbsp;ProcessSpO2
</UL>

<P><STRONG><a name="[13]"></a>POWER_CLOCK_IRQHandler</STRONG> (Thumb, 154 bytes, Stack size 24 bytes, nrfx_clock.o(i.POWER_CLOCK_IRQHandler))
<BR><BR>[Stack]<UL><LI>Max Depth = 32<LI>Call Chain = POWER_CLOCK_IRQHandler &rArr; nrf_clock_event_clear
</UL>
<BR>[Calls]<UL><LI><a href="#[ee]">&gt;&gt;</a>&nbsp;&nbsp;&nbsp;nrf_clock_event_clear
<LI><a href="#[ed]">&gt;&gt;</a>&nbsp;&nbsp;&nbsp;nrf_clock_event_check
</UL>
<BR>[Address Reference Count : 1]<UL><LI> arm_startup_nrf52.o(RESET)
</UL>
<P><STRONG><a name="[ef]"></a>ProcessLMSNew</STRONG> (Thumb, 7200 bytes, Stack size 144 bytes, SpO2.o(i.ProcessLMSNew))
<BR><BR>[Stack]<UL><LI>Max Depth = 376<LI>Call Chain = ProcessLMSNew &rArr; Cal_PI &rArr; __hardfp_sqrtf
</UL>
<BR>[Calls]<UL><LI><a href="#[db]">&gt;&gt;</a>&nbsp;&nbsp;&nbsp;NormalizationDC
<LI><a href="#[af]">&gt;&gt;</a>&nbsp;&nbsp;&nbsp;FixedPoint
<LI><a href="#[b1]">&gt;&gt;</a>&nbsp;&nbsp;&nbsp;Cal_PI
<LI><a href="#[ad]">&gt;&gt;</a>&nbsp;&nbsp;&nbsp;BandPassFilter
<LI><a href="#[bd]">&gt;&gt;</a>&nbsp;&nbsp;&nbsp;FilterProcessLMS
<LI><a href="#[b0]">&gt;&gt;</a>&nbsp;&nbsp;&nbsp;__hardfp_sqrtf
</UL>
<BR>[Called By]<UL><LI><a href="#[f0]">&gt;&gt;</a>&nbsp;&nbsp;&nbsp;ProcessSpO2
</UL>

<P><STRONG><a name="[f0]"></a>ProcessSpO2</STRONG> (Thumb, 532 bytes, Stack size 64 bytes, BioMain.o(i.ProcessSpO2))
<BR><BR>[Stack]<UL><LI>Max Depth = 440<LI>Call Chain = ProcessSpO2 &rArr; ProcessLMSNew &rArr; Cal_PI &rArr; __hardfp_sqrtf
</UL>
<BR>[Calls]<UL><LI><a href="#[f3]">&gt;&gt;</a>&nbsp;&nbsp;&nbsp;SetData_SPO2
<LI><a href="#[ef]">&gt;&gt;</a>&nbsp;&nbsp;&nbsp;ProcessLMSNew
<LI><a href="#[eb]">&gt;&gt;</a>&nbsp;&nbsp;&nbsp;Open_SPO2
<LI><a href="#[b3]">&gt;&gt;</a>&nbsp;&nbsp;&nbsp;Close_SPO2
<LI><a href="#[f1]">&gt;&gt;</a>&nbsp;&nbsp;&nbsp;ReadRingBuffer
<LI><a href="#[f2]">&gt;&gt;</a>&nbsp;&nbsp;&nbsp;Read16BitRingBuffer
</UL>
<BR>[Called By]<UL><LI><a href="#[15a]">&gt;&gt;</a>&nbsp;&nbsp;&nbsp;SpO2_SetData_Internal
</UL>

<P><STRONG><a name="[be]"></a>Process_AFLMS</STRONG> (Thumb, 170 bytes, Stack size 16 bytes, LMS.o(i.Process_AFLMS))
<BR><BR>[Stack]<UL><LI>Max Depth = 16<LI>Call Chain = Process_AFLMS
</UL>
<BR>[Called By]<UL><LI><a href="#[bd]">&gt;&gt;</a>&nbsp;&nbsp;&nbsp;FilterProcessLMS
</UL>

<P><STRONG><a name="[f4]"></a>Process_CBioMain_common</STRONG> (Thumb, 90 bytes, Stack size 12 bytes, BioMain.o(i.Process_CBioMain_common))
<BR><BR>[Stack]<UL><LI>Max Depth = 32<LI>Call Chain = Process_CBioMain_common &rArr; AEControl
</UL>
<BR>[Calls]<UL><LI><a href="#[f5]">&gt;&gt;</a>&nbsp;&nbsp;&nbsp;AEControl
<LI><a href="#[df]">&gt;&gt;</a>&nbsp;&nbsp;&nbsp;ResetBuffer
</UL>
<BR>[Called By]<UL><LI><a href="#[f6]">&gt;&gt;</a>&nbsp;&nbsp;&nbsp;Process_CBioMain_with_touch
</UL>

<P><STRONG><a name="[f6]"></a>Process_CBioMain_with_touch</STRONG> (Thumb, 80 bytes, Stack size 40 bytes, BioMain.o(i.Process_CBioMain_with_touch))
<BR><BR>[Stack]<UL><LI>Max Depth = 104<LI>Call Chain = Process_CBioMain_with_touch &rArr; SetData &rArr; __hardfp_sqrtf
</UL>
<BR>[Calls]<UL><LI><a href="#[f7]">&gt;&gt;</a>&nbsp;&nbsp;&nbsp;SetData
<LI><a href="#[f4]">&gt;&gt;</a>&nbsp;&nbsp;&nbsp;Process_CBioMain_common
</UL>
<BR>[Called By]<UL><LI><a href="#[15a]">&gt;&gt;</a>&nbsp;&nbsp;&nbsp;SpO2_SetData_Internal
</UL>

<P><STRONG><a name="[ae]"></a>Process_HPF_s50Hz_c0p45_c3p5Hz</STRONG> (Thumb, 416 bytes, Stack size 0 bytes, Filter_BPF_s50Hz_c0p45_c3p5Hz.o(i.Process_HPF_s50Hz_c0p45_c3p5Hz))
<BR><BR>[Called By]<UL><LI><a href="#[ad]">&gt;&gt;</a>&nbsp;&nbsp;&nbsp;BandPassFilter
</UL>

<P><STRONG><a name="[f8]"></a>PxiAlg_Close</STRONG> (Thumb, 20 bytes, Stack size 8 bytes, pxialg.o(i.PxiAlg_Close))
<BR><BR>[Stack]<UL><LI>Max Depth = 16<LI>Call Chain = PxiAlg_Close &rArr; PxiAlg_Close_Reentrant
</UL>
<BR>[Calls]<UL><LI><a href="#[f9]">&gt;&gt;</a>&nbsp;&nbsp;&nbsp;PxiAlg_Close_Reentrant
</UL>
<BR>[Called By]<UL><LI><a href="#[428]">&gt;&gt;</a>&nbsp;&nbsp;&nbsp;spo2_algorithm_enable
<LI><a href="#[429]">&gt;&gt;</a>&nbsp;&nbsp;&nbsp;spo2_algorithm_disable
</UL>

<P><STRONG><a name="[f9]"></a>PxiAlg_Close_Reentrant</STRONG> (Thumb, 30 bytes, Stack size 8 bytes, pxialg_r.o(i.PxiAlg_Close_Reentrant))
<BR><BR>[Stack]<UL><LI>Max Depth = 8<LI>Call Chain = PxiAlg_Close_Reentrant
</UL>
<BR>[Calls]<UL><LI><a href="#[c3]">&gt;&gt;</a>&nbsp;&nbsp;&nbsp;HR_Detect_Close
</UL>
<BR>[Called By]<UL><LI><a href="#[f8]">&gt;&gt;</a>&nbsp;&nbsp;&nbsp;PxiAlg_Close
</UL>

<P><STRONG><a name="[fa]"></a>PxiAlg_GetHrUpdateFlag</STRONG> (Thumb, 8 bytes, Stack size 0 bytes, pxialg.o(i.PxiAlg_GetHrUpdateFlag))
<BR><BR>[Calls]<UL><LI><a href="#[fb]">&gt;&gt;</a>&nbsp;&nbsp;&nbsp;PxiAlg_GetHrUpdateFlag_Reentrant
</UL>
<BR>[Called By]<UL><LI><a href="#[3ec]">&gt;&gt;</a>&nbsp;&nbsp;&nbsp;spo2_alg_task
</UL>

<P><STRONG><a name="[fb]"></a>PxiAlg_GetHrUpdateFlag_Reentrant</STRONG> (Thumb, 16 bytes, Stack size 0 bytes, pxialg_r.o(i.PxiAlg_GetHrUpdateFlag_Reentrant))
<BR><BR>[Called By]<UL><LI><a href="#[fa]">&gt;&gt;</a>&nbsp;&nbsp;&nbsp;PxiAlg_GetHrUpdateFlag
</UL>

<P><STRONG><a name="[fc]"></a>PxiAlg_GetSigGrade</STRONG> (Thumb, 8 bytes, Stack size 0 bytes, pxialg.o(i.PxiAlg_GetSigGrade))
[...]
</UL>
<BR>[Called By]<UL><LI><a href="#[ba]">&gt;&gt;</a>&nbsp;&nbsp;&nbsp;checkJustSleep
</UL>

<P><STRONG><a name="[150]"></a>RecordWakeUpTime</STRONG> (Thumb, 244 bytes, Stack size 36 bytes, stk_sleep_tracker_lib.o(i.RecordWakeUpTime))
<BR><BR>[Stack]<UL><LI>Max Depth = 36<LI>Call Chain = RecordWakeUpTime
</UL>
<BR>[Called By]<UL><LI><a href="#[14f]">&gt;&gt;</a>&nbsp;&nbsp;&nbsp;SetAwake
</UL>

<P><STRONG><a name="[14f]"></a>SetAwake</STRONG> (Thumb, 50 bytes, Stack size 32 bytes, stk_sleep_tracker_lib.o(i.SetAwake))
<BR><BR>[Stack]<UL><LI>Max Depth = 68<LI>Call Chain = SetAwake &rArr; RecordWakeUpTime
</UL>
<BR>[Calls]<UL><LI><a href="#[152]">&gt;&gt;</a>&nbsp;&nbsp;&nbsp;resetSleepTracker
<LI><a href="#[151]">&gt;&gt;</a>&nbsp;&nbsp;&nbsp;SetSleepLogIndex
<LI><a href="#[150]">&gt;&gt;</a>&nbsp;&nbsp;&nbsp;RecordWakeUpTime
</UL>
<BR>[Called By]<UL><LI><a href="#[bb]">&gt;&gt;</a>&nbsp;&nbsp;&nbsp;checkExitSleep
</UL>

<P><STRONG><a name="[151]"></a>SetSleepLogIndex</STRONG> (Thumb, 112 bytes, Stack size 12 bytes, stk_sleep_tracker_lib.o(i.SetSleepLogIndex))
<BR><BR>[Stack]<UL><LI>Max Depth = 12<LI>Call Chain = SetSleepLogIndex
</UL>
<BR>[Called By]<UL><LI><a href="#[14f]">&gt;&gt;</a>&nbsp;&nbsp;&nbsp;SetAwake
</UL>

<P><STRONG><a name="[bb]"></a>checkExitSleep</STRONG> (Thumb, 286 bytes, Stack size 40 bytes, stk_sleep_tracker_lib.o(i.checkExitSleep))
<BR><BR>[Stack]<UL><LI>Max Depth = 108<LI>Call Chain = checkExitSleep &rArr; SetAwake &rArr; RecordWakeUpTime
</UL>
<BR>[Calls]<UL><LI><a href="#[282]">&gt;&gt;</a>&nbsp;&nbsp;&nbsp;checkSleepState
<LI><a href="#[14f]">&gt;&gt;</a>&nbsp;&nbsp;&nbsp;SetAwake
</UL>
<BR>[Called By]<UL><LI><a href="#[b6]">&gt;&gt;</a>&nbsp;&nbsp;&nbsp;Enter_Sleep_Tracker
</UL>

<P><STRONG><a name="[ba]"></a>checkJustSleep</STRONG> (Thumb, 108 bytes, Stack size 40 bytes, stk_sleep_tracker_lib.o(i.checkJustSleep))
<BR><BR>[Stack]<UL><LI>Max Depth = 76<LI>Call Chain = checkJustSleep &rArr; RecordStartSleepTime
</UL>
<BR>[Calls]<UL><LI><a href="#[283]">&gt;&gt;</a>&nbsp;&nbsp;&nbsp;RecordStartSleepTime
</UL>
<BR>[Called By]<UL><LI><a href="#[b6]">&gt;&gt;</a>&nbsp;&nbsp;&nbsp;Enter_Sleep_Tracker
</UL>

<P><STRONG><a name="[282]"></a>checkSleepState</STRONG> (Thumb, 30 bytes, Stack size 0 bytes, stk_sleep_tracker_lib.o(i.checkSleepState))
<BR><BR>[Called By]<UL><LI><a href="#[bb]">&gt;&gt;</a>&nbsp;&nbsp;&nbsp;checkExitSleep
</UL>

<P><STRONG><a name="[b9]"></a>checkStartSleep</STRONG> (Thumb, 200 bytes, Stack size 0 bytes, stk_sleep_tracker_lib.o(i.checkStartSleep))
<BR><BR>[Called By]<UL><LI><a href="#[b6]">&gt;&gt;</a>&nbsp;&nbsp;&nbsp;Enter_Sleep_Tracker
</UL>

<P><STRONG><a name="[459]"></a>PEDO_GetAbsoluteShort</STRONG> (Thumb, 16 bytes, Stack size 0 bytes, stk_pedometer_bs_lib.o(i.PEDO_GetAbsoluteShort))
<BR><BR>[Called By]<UL><LI><a href="#[443]">&gt;&gt;</a>&nbsp;&nbsp;&nbsp;stk_Pedometer_FIFO_Process
<LI><a href="#[458]">&gt;&gt;</a>&nbsp;&nbsp;&nbsp;stk_Find_Best_Axis
<LI><a href="#[45a]">&gt;&gt;</a>&nbsp;&nbsp;&nbsp;stk_Pedometer_Process
</UL>

<P><STRONG><a name="[45e]"></a>PEDO_TrendFinder</STRONG> (Thumb, 248 bytes, Stack size 0 bytes, stk_pedometer_bs_lib.o(i.PEDO_TrendFinder))
<BR><BR>[Called By]<UL><LI><a href="#[45a]">&gt;&gt;</a>&nbsp;&nbsp;&nbsp;stk_Pedometer_Process
</UL>

<P><STRONG><a name="[45b]"></a>Soliding_Filter</STRONG> (Thumb, 116 bytes, Stack size 12 bytes, stk_pedometer_bs_lib.o(i.Soliding_Filter))
<BR><BR>[Stack]<UL><LI>Max Depth = 12<LI>Call Chain = Soliding_Filter
</UL>
<BR>[Called By]<UL><LI><a href="#[45a]">&gt;&gt;</a>&nbsp;&nbsp;&nbsp;stk_Pedometer_Process
</UL>

<P><STRONG><a name="[45c]"></a>Soliding_Filter_FIRST</STRONG> (Thumb, 116 bytes, Stack size 12 bytes, stk_pedometer_bs_lib.o(i.Soliding_Filter_FIRST))
<BR><BR>[Stack]<UL><LI>Max Depth = 12<LI>Call Chain = Soliding_Filter_FIRST
</UL>
<BR>[Called By]<UL><LI><a href="#[45a]">&gt;&gt;</a>&nbsp;&nbsp;&nbsp;stk_Pedometer_Process
</UL>

<P><STRONG><a name="[45d]"></a>Soliding_Mid_Filter</STRONG> (Thumb, 86 bytes, Stack size 12 bytes, stk_pedometer_bs_lib.o(i.Soliding_Mid_Filter))
<BR><BR>[Stack]<UL><LI>Max Depth = 12<LI>Call Chain = Soliding_Mid_Filter
</UL>
<BR>[Called By]<UL><LI><a href="#[45a]">&gt;&gt;</a>&nbsp;&nbsp;&nbsp;stk_Pedometer_Process
</UL>

<P><STRONG><a name="[45f]"></a>stk_Calculate_Cadence</STRONG> (Thumb, 152 bytes, Stack size 12 bytes, stk_pedometer_bs_lib.o(i.stk_Calculate_Cadence))
<BR><BR>[Stack]<UL><LI>Max Depth = 12<LI>Call Chain = stk_Calculate_Cadence
</UL>
<BR>[Called By]<UL><LI><a href="#[45a]">&gt;&gt;</a>&nbsp;&nbsp;&nbsp;stk_Pedometer_Process
</UL>

<P><STRONG><a name="[460]"></a>stk_Check_Motion_Status</STRONG> (Thumb, 208 bytes, Stack size 12 bytes, stk_pedometer_bs_lib.o(i.stk_Check_Motion_Status))
<BR><BR>[Stack]<UL><LI>Max Depth = 12<LI>Call Chain = stk_Check_Motion_Status
</UL>
<BR>[Called By]<UL><LI><a href="#[45a]">&gt;&gt;</a>&nbsp;&nbsp;&nbsp;stk_Pedometer_Process
</UL>

<P><STRONG><a name="[45a]"></a>stk_Pedometer_Process</STRONG> (Thumb, 1904 bytes, Stack size 72 bytes, stk_pedometer_bs_lib.o(i.stk_Pedometer_Process))
<BR><BR>[Stack]<UL><LI>Max Depth = 88<LI>Call Chain = stk_Pedometer_Process &rArr; stk_Find_Best_Axis
</UL>
<BR>[Calls]<UL><LI><a href="#[458]">&gt;&gt;</a>&nbsp;&nbsp;&nbsp;stk_Find_Best_Axis
<LI><a href="#[460]">&gt;&gt;</a>&nbsp;&nbsp;&nbsp;stk_Check_Motion_Status
<LI><a href="#[45f]">&gt;&gt;</a>&nbsp;&nbsp;&nbsp;stk_Calculate_Cadence
<LI><a href="#[45d]">&gt;&gt;</a>&nbsp;&nbsp;&nbsp;Soliding_Mid_Filter
<LI><a href="#[45c]">&gt;&gt;</a>&nbsp;&nbsp;&nbsp;Soliding_Filter_FIRST
<LI><a href="#[45b]">&gt;&gt;</a>&nbsp;&nbsp;&nbsp;Soliding_Filter
<LI><a href="#[45e]">&gt;&gt;</a>&nbsp;&nbsp;&nbsp;PEDO_TrendFinder
<LI><a href="#[459]">&gt;&gt;</a>&nbsp;&nbsp;&nbsp;PEDO_GetAbsoluteShort
</UL>
<BR>[Called By]<UL><LI><a href="#[443]">&gt;&gt;</a>&nbsp;&nbsp;&nbsp;stk_Pedometer_FIFO_Process
</UL>

<P><STRONG><a name="[464]"></a>stk_AbsoluteShort</STRONG> (Thumb, 16 bytes, Stack size 0 bytes, stk_wrist_bs_lib.o(i.stk_AbsoluteShort))
<BR><BR>[Called By]<UL><LI><a href="#[463]">&gt;&gt;</a>&nbsp;&nbsp;&nbsp;stk_Wrist_Raise_Judge_A
</UL>

<P><STRONG><a name="[465]"></a>stk_Transfer_Data</STRONG> (Thumb, 122 bytes, Stack size 20 bytes, stk_wrist_bs_lib.o(i.stk_Transfer_Data))
<BR><BR>[Stack]<UL><LI>Max Depth = 20<LI>Call Chain = stk_Transfer_Data
</UL>
<BR>[Called By]<UL><LI><a href="#[462]">&gt;&gt;</a>&nbsp;&nbsp;&nbsp;stk_Wrist_Raise_Process
</UL>

<P><STRONG><a name="[466]"></a>stk_Wrist_Raise_Judge_B</STRONG> (Thumb, 130 bytes, Stack size 0 bytes, stk_wrist_bs_lib.o(i.stk_Wrist_Raise_Judge_B))
<BR><BR>[Called By]<UL><LI><a href="#[462]">&gt;&gt;</a>&nbsp;&nbsp;&nbsp;stk_Wrist_Raise_Process
</UL>

<P><STRONG><a name="[462]"></a>stk_Wrist_Raise_Process</STRONG> (Thumb, 180 bytes, Stack size 16 bytes, stk_wrist_bs_lib.o(i.stk_Wrist_Raise_Process))
<BR><BR>[Stack]<UL><LI>Max Depth = 40<LI>Call Chain = stk_Wrist_Raise_Process &rArr; stk_Wrist_Raise_Judge_A
</UL>
<BR>[Calls]<UL><LI><a href="#[463]">&gt;&gt;</a>&nbsp;&nbsp;&nbsp;stk_Wrist_Raise_Judge_A
<LI><a href="#[466]">&gt;&gt;</a>&nbsp;&nbsp;&nbsp;stk_Wrist_Raise_Judge_B
<LI><a href="#[465]">&gt;&gt;</a>&nbsp;&nbsp;&nbsp;stk_Transfer_Data
</UL>
<BR>[Called By]<UL><LI><a href="#[445]">&gt;&gt;</a>&nbsp;&nbsp;&nbsp;stk_Wrist_Raise_FIFO_Process
</UL>

<P><STRONG><a name="[28f]"></a>check_freq_hr</STRONG> (Thumb, 1128 bytes, Stack size 36 bytes, hrv.o(i.check_freq_hr))
<BR><BR>[Stack]<UL><LI>Max Depth = 36<LI>Call Chain = check_freq_hr
</UL>
<BR>[Called By]<UL><LI><a href="#[28d]">&gt;&gt;</a>&nbsp;&nbsp;&nbsp;compute_hr
</UL>

<P><STRONG><a name="[284]"></a>check_motion</STRONG> (Thumb, 162 bytes, Stack size 24 bytes, hrv.o(i.check_motion))
<BR><BR>[Stack]<UL><LI>Max Depth = 24<LI>Call Chain = check_motion
</UL>
<BR>[Calls]<UL><LI><a href="#[285]">&gt;&gt;</a>&nbsp;&nbsp;&nbsp;shr_reset_struct_SHrMotionFilter
</UL>
<BR>[Called By]<UL><LI><a href="#[ca]">&gt;&gt;</a>&nbsp;&nbsp;&nbsp;shr_process
</UL>

<P><STRONG><a name="[290]"></a>check_time_hr</STRONG> (Thumb, 290 bytes, Stack size 20 bytes, hrv.o(i.check_time_hr))
<BR><BR>[Stack]<UL><LI>Max Depth = 20<LI>Call Chain = check_time_hr
</UL>
<BR>[Called By]<UL><LI><a href="#[28d]">&gt;&gt;</a>&nbsp;&nbsp;&nbsp;compute_hr
</UL>

<P><STRONG><a name="[28d]"></a>compute_hr</STRONG> (Thumb, 494 bytes, Stack size 56 bytes, hrv.o(i.compute_hr))
<BR><BR>[Stack]<UL><LI>Max Depth = 212<LI>Call Chain = compute_hr &rArr; fft2hr &rArr; shr_fft &rArr; __hardfp_sinf &rArr; __mathlib_rredf2
</UL>
<BR>[Calls]<UL><LI><a href="#[291]">&gt;&gt;</a>&nbsp;&nbsp;&nbsp;guess_hr
<LI><a href="#[28e]">&gt;&gt;</a>&nbsp;&nbsp;&nbsp;fft2hr
<LI><a href="#[290]">&gt;&gt;</a>&nbsp;&nbsp;&nbsp;check_time_hr
<LI><a href="#[28f]">&gt;&gt;</a>&nbsp;&nbsp;&nbsp;check_freq_hr
</UL>
<BR>[Called By]<UL><LI><a href="#[ca]">&gt;&gt;</a>&nbsp;&nbsp;&nbsp;shr_process
</UL>

<P><STRONG><a name="[292]"></a>compute_periodicity</STRONG> (Thumb, 130 bytes, Stack size 32 bytes, hrv.o(i.compute_periodicity))
<BR><BR>[Stack]<UL><LI>Max Depth = 72<LI>Call Chain = compute_periodicity &rArr; shr_std_float &rArr; __hardfp_sqrtf
</UL>
<BR>[Calls]<UL><LI><a href="#[294]">&gt;&gt;</a>&nbsp;&nbsp;&nbsp;shr_std_float
<LI><a href="#[293]">&gt;&gt;</a>&nbsp;&nbsp;&nbsp;shr_mean_float
</UL>
<BR>[Called By]<UL><LI><a href="#[ca]">&gt;&gt;</a>&nbsp;&nbsp;&nbsp;shr_process
</UL>

<P><STRONG><a name="[28e]"></a>fft2hr</STRONG> (Thumb, 238 bytes, Stack size 40 bytes, hrv.o(i.fft2hr))
<BR><BR>[Stack]<UL><LI>Max Depth = 156<LI>Call Chain = fft2hr &rArr; shr_fft &rArr; __hardfp_sinf &rArr; __mathlib_rredf2
</UL>
<BR>[Calls]<UL><LI><a href="#[2c6]">&gt;&gt;</a>&nbsp;&nbsp;&nbsp;shr_fft
</UL>
<BR>[Called By]<UL><LI><a href="#[28d]">&gt;&gt;</a>&nbsp;&nbsp;&nbsp;compute_hr
</UL>

<P><STRONG><a name="[291]"></a>guess_hr</STRONG> (Thumb, 154 bytes, Stack size 12 bytes, hrv.o(i.guess_hr))
<BR><BR>[Stack]<UL><LI>Max Depth = 12<LI>Call Chain = guess_hr
</UL>
<BR>[Called By]<UL><LI><a href="#[28d]">&gt;&gt;</a>&nbsp;&nbsp;&nbsp;compute_hr
</UL>

<P><STRONG><a name="[2e6]"></a>hrv_reset</STRONG> (Thumb, 30 bytes, Stack size 8 bytes, hrv.o(i.hrv_reset))
<BR><BR>[Stack]<UL><LI>Max Depth = 16<LI>Call Chain = hrv_reset &rArr; shr_reset_struct_SHrRRI
</UL>
<BR>[Calls]<UL><LI><a href="#[2e7]">&gt;&gt;</a>&nbsp;&nbsp;&nbsp;shr_reset_struct_SHrRRI
<LI><a href="#[2e9]">&gt;&gt;</a>&nbsp;&nbsp;&nbsp;shr_reset_struct_SHrPeakDetection
<LI><a href="#[2e8]">&gt;&gt;</a>&nbsp;&nbsp;&nbsp;shr_reset_struct_SHrBandPassFilter
</UL>
<BR>[Called By]<UL><LI><a href="#[cd]">&gt;&gt;</a>&nbsp;&nbsp;&nbsp;shr_reset
<LI><a href="#[ca]">&gt;&gt;</a>&nbsp;&nbsp;&nbsp;shr_process
</UL>

<P><STRONG><a name="[30e]"></a>makeup_hr</STRONG> (Thumb, 798 bytes, Stack size 56 bytes, hrv.o(i.makeup_hr))
<BR><BR>[Stack]<UL><LI>Max Depth = 56<LI>Call Chain = makeup_hr
</UL>
<BR>[Calls]<UL><LI><a href="#[310]">&gt;&gt;</a>&nbsp;&nbsp;&nbsp;shr_min_float
<LI><a href="#[30f]">&gt;&gt;</a>&nbsp;&nbsp;&nbsp;shr_max_float
</UL>
<BR>[Called By]<UL><LI><a href="#[ca]">&gt;&gt;</a>&nbsp;&nbsp;&nbsp;shr_process
</UL>

<P><STRONG><a name="[312]"></a>mems_analysis</STRONG> (Thumb, 268 bytes, Stack size 48 bytes, hrv.o(i.mems_analysis))
<BR><BR>[Stack]<UL><LI>Max Depth = 152<LI>Call Chain = mems_analysis &rArr; run_band_pass_filter &rArr; shr_band_pass_filter
</UL>
<BR>[Calls]<UL><LI><a href="#[313]">&gt;&gt;</a>&nbsp;&nbsp;&nbsp;run_band_pass_filter
<LI><a href="#[314]">&gt;&gt;</a>&nbsp;&nbsp;&nbsp;rri_detection
<LI><a href="#[315]">&gt;&gt;</a>&nbsp;&nbsp;&nbsp;p2p_process
</UL>
<BR>[Called By]<UL><LI><a href="#[c9]">&gt;&gt;</a>&nbsp;&nbsp;&nbsp;shr_mems_process
</UL>

<P><STRONG><a name="[318]"></a>motion_state_machine</STRONG> (Thumb, 1388 bytes, Stack size 88 bytes, hrv.o(i.motion_state_machine))
<BR><BR>[Stack]<UL><LI>Max Depth = 176<LI>Call Chain = motion_state_machine &rArr; __aeabi_dmul &rArr; _double_epilogue &rArr; _double_round
</UL>
<BR>[Calls]<UL><LI><a href="#[319]">&gt;&gt;</a>&nbsp;&nbsp;&nbsp;__aeabi_f2d
<LI><a href="#[a3]">&gt;&gt;</a>&nbsp;&nbsp;&nbsp;__aeabi_dmul
<LI><a href="#[196]">&gt;&gt;</a>&nbsp;&nbsp;&nbsp;__aeabi_cdcmple
<LI><a href="#[285]">&gt;&gt;</a>&nbsp;&nbsp;&nbsp;shr_reset_struct_SHrMotionFilter
<LI><a href="#[99]">&gt;&gt;</a>&nbsp;&nbsp;&nbsp;qsort
</UL>
<BR>[Called By]<UL><LI><a href="#[ca]">&gt;&gt;</a>&nbsp;&nbsp;&nbsp;shr_process
</UL>

<P><STRONG><a name="[315]"></a>p2p_process</STRONG> (Thumb, 260 bytes, Stack size 20 bytes, hrv.o(i.p2p_process))
<BR><BR>[Stack]<UL><LI>Max Depth = 20<LI>Call Chain = p2p_process
</UL>
<BR>[Called By]<UL><LI><a href="#[312]">&gt;&gt;</a>&nbsp;&nbsp;&nbsp;mems_analysis
</UL>

<P><STRONG><a name="[314]"></a>rri_detection</STRONG> (Thumb, 212 bytes, Stack size 8 bytes, hrv.o(i.rri_detection))
<BR><BR>[Stack]<UL><LI>Max Depth = 8<LI>Call Chain = rri_detection
</UL>
<BR>[Called By]<UL><LI><a href="#[ca]">&gt;&gt;</a>&nbsp;&nbsp;&nbsp;shr_process
<LI><a href="#[312]">&gt;&gt;</a>&nbsp;&nbsp;&nbsp;mems_analysis
</UL>

<P><STRONG><a name="[41b]"></a>rri_process</STRONG> (Thumb, 940 bytes, Stack size 64 bytes, hrv.o(i.rri_process))
<BR><BR>[Stack]<UL><LI>Max Depth = 64<LI>Call Chain = rri_process
</UL>
<BR>[Called By]<UL><LI><a href="#[ca]">&gt;&gt;</a>&nbsp;&nbsp;&nbsp;shr_process
</UL>

<P><STRONG><a name="[313]"></a>run_band_pass_filter</STRONG> (Thumb, 58 bytes, Stack size 24 bytes, hrv.o(i.run_band_pass_filter))
<BR><BR>[Stack]<UL><LI>Max Depth = 104<LI>Call Chain = run_band_pass_filter &rArr; shr_band_pass_filter
</UL>
<BR>[Calls]<UL><LI><a href="#[40f]">&gt;&gt;</a>&nbsp;&nbsp;&nbsp;shr_band_pass_filter
</UL>
<BR>[Called By]<UL><LI><a href="#[ca]">&gt;&gt;</a>&nbsp;&nbsp;&nbsp;shr_process
<LI><a href="#[312]">&gt;&gt;</a>&nbsp;&nbsp;&nbsp;mems_analysis
</UL>

<P><STRONG><a name="[410]"></a>run_high_pass_filter</STRONG> (Thumb, 58 bytes, Stack size 24 bytes, hrv.o(i.run_high_pass_filter))
<BR><BR>[Stack]<UL><LI>Max Depth = 108<LI>Call Chain = run_high_pass_filter &rArr; shr_high_pass_filter_dynamic &rArr; __hardfp_sinf &rArr; __mathlib_rredf2
</UL>
<BR>[Calls]<UL><LI><a href="#[411]">&gt;&gt;</a>&nbsp;&nbsp;&nbsp;shr_high_pass_filter_dynamic
</UL>
<BR>[Called By]<UL><LI><a href="#[ca]">&gt;&gt;</a>&nbsp;&nbsp;&nbsp;shr_process
</UL>

<P><STRONG><a name="[3f9]"></a>rri_check_time_hr</STRONG> (Thumb, 318 bytes, Stack size 20 bytes, hrv.o(i.rri_check_time_hr))
<BR><BR>[Stack]<UL><LI>Max Depth = 20<LI>Call Chain = rri_check_time_hr
</UL>
<BR>[Called By]<UL><LI><a href="#[3f8]">&gt;&gt;</a>&nbsp;&nbsp;&nbsp;rri_compute_hr
</UL>

<P><STRONG><a name="[3f8]"></a>rri_compute_hr</STRONG> (Thumb, 320 bytes, Stack size 32 bytes, hrv.o(i.rri_compute_hr))
<BR><BR>[Stack]<UL><LI>Max Depth = 52<LI>Call Chain = rri_compute_hr &rArr; rri_check_time_hr
</UL>
<BR>[Calls]<UL><LI><a href="#[3f9]">&gt;&gt;</a>&nbsp;&nbsp;&nbsp;rri_check_time_hr
</UL>
<BR>[Called By]<UL><LI><a href="#[3f7]">&gt;&gt;</a>&nbsp;&nbsp;&nbsp;rri_shr_process
</UL>

<P><STRONG><a name="[3fa]"></a>rri_compute_periodicity</STRONG> (Thumb, 130 bytes, Stack size 32 bytes, hrv.o(i.rri_compute_periodicity))
<BR><BR>[Stack]<UL><LI>Max Depth = 72<LI>Call Chain = rri_compute_periodicity &rArr; rri_shr_std_float &rArr; __hardfp_sqrtf
</UL>
<BR>[Calls]<UL><LI><a href="#[3fc]">&gt;&gt;</a>&nbsp;&nbsp;&nbsp;rri_shr_std_float
<LI><a href="#[3fb]">&gt;&gt;</a>&nbsp;&nbsp;&nbsp;rri_shr_mean_float
</UL>
<BR>[Called By]<UL><LI><a href="#[3f7]">&gt;&gt;</a>&nbsp;&nbsp;&nbsp;rri_shr_process
</UL>

<P><STRONG><a name="[409]"></a>rri_detection</STRONG> (Thumb, 212 bytes, Stack size 8 bytes, hrv.o(i.rri_detection))
<BR><BR>[Stack]<UL><LI>Max Depth = 8<LI>Call Chain = rri_detection
</UL>
<BR>[Called By]<UL><LI><a href="#[3f7]">&gt;&gt;</a>&nbsp;&nbsp;&nbsp;rri_shr_process
</UL>

<P><STRONG><a name="[3fd]"></a>rri_hrv_reset</STRONG> (Thumb, 30 bytes, Stack size 8 bytes, hrv.o(i.rri_hrv_reset))
<BR><BR>[Stack]<UL><LI>Max Depth = 16<LI>Call Chain = rri_hrv_reset &rArr; rri_shr_reset_struct_SHrRRI
</UL>
<BR>[Calls]<UL><LI><a href="#[3fe]">&gt;&gt;</a>&nbsp;&nbsp;&nbsp;rri_shr_reset_struct_SHrRRI
<LI><a href="#[400]">&gt;&gt;</a>&nbsp;&nbsp;&nbsp;rri_shr_reset_struct_SHrPeakDetection
<LI><a href="#[3ff]">&gt;&gt;</a>&nbsp;&nbsp;&nbsp;rri_shr_reset_struct_SHrBandPassFilter
</UL>
<BR>[Called By]<UL><LI><a href="#[407]">&gt;&gt;</a>&nbsp;&nbsp;&nbsp;rri_shr_reset
<LI><a href="#[3f7]">&gt;&gt;</a>&nbsp;&nbsp;&nbsp;rri_shr_process
</UL>

<P><STRONG><a name="[401]"></a>rri_makeup_hr</STRONG> (Thumb, 788 bytes, Stack size 48 bytes, hrv.o(i.rri_makeup_hr))
<BR><BR>[Stack]<UL><LI>Max Depth = 48<LI>Call Chain = rri_makeup_hr
</UL>
<BR>[Calls]<UL><LI><a href="#[403]">&gt;&gt;</a>&nbsp;&nbsp;&nbsp;rri_shr_min_float
<LI><a href="#[402]">&gt;&gt;</a>&nbsp;&nbsp;&nbsp;rri_shr_max_float
</UL>
<BR>[Called By]<UL><LI><a href="#[3f7]">&gt;&gt;</a>&nbsp;&nbsp;&nbsp;rri_shr_process
</UL>

<P><STRONG><a name="[40a]"></a>rri_process</STRONG> (Thumb, 1016 bytes, Stack size 64 bytes, hrv.o(i.rri_process))
<BR><BR>[Stack]<UL><LI>Max Depth = 64<LI>Call Chain = rri_process
</UL>
<BR>[Called By]<UL><LI><a href="#[3f7]">&gt;&gt;</a>&nbsp;&nbsp;&nbsp;rri_shr_process
</UL>

<P><STRONG><a name="[404]"></a>rri_run_high_pass_filter</STRONG> (Thumb, 58 bytes, Stack size 24 bytes, hrv.o(i.rri_run_high_pass_filter))
<BR><BR>[Stack]<UL><LI>Max Depth = 108<LI>Call Chain = rri_run_high_pass_filter &rArr; rri_shr_high_pass_filter_dynamic &rArr; __hardfp_sinf &rArr; __mathlib_rredf2
</UL>
<BR>[Calls]<UL><LI><a href="#[405]">&gt;&gt;</a>&nbsp;&nbsp;&nbsp;rri_shr_high_pass_filter_dynamic
</UL>
<BR>[Called By]<UL><LI><a href="#[3f7]">&gt;&gt;</a>&nbsp;&nbsp;&nbsp;rri_shr_process
</UL>

<P><STRONG><a name="[419]"></a>EE</STRONG> (Thumb, 26 bytes, Stack size 0 bytes, fft.o(i.EE))
<BR><BR>[Called By]<UL><LI><a href="#[2c6]">&gt;&gt;</a>&nbsp;&nbsp;&nbsp;shr_fft
</UL>

<P><STRONG><a name="[1a0]"></a>_fp_digits</STRONG> (Thumb, 366 bytes, Stack size 64 bytes, printfa.o(i._fp_digits), UNUSED)
<BR><BR>[Calls]<UL><LI><a href="#[a3]">&gt;&gt;</a>&nbsp;&nbsp;&nbsp;__aeabi_dmul
<LI><a href="#[9d]">&gt;&gt;</a>&nbsp;&nbsp;&nbsp;__aeabi_dadd
<LI><a href="#[b8]">&gt;&gt;</a>&nbsp;&nbsp;&nbsp;__aeabi_cdrcmple
<LI><a href="#[a4]">&gt;&gt;</a>&nbsp;&nbsp;&nbsp;__aeabi_ddiv
<LI><a href="#[ab]">&gt;&gt;</a>&nbsp;&nbsp;&nbsp;__aeabi_d2ulz
<LI><a href="#[96]">&gt;&gt;</a>&nbsp;&nbsp;&nbsp;__aeabi_uldivmod
</UL>
<BR>[Called By]<UL><LI><a href="#[18e]">&gt;&gt;</a>&nbsp;&nbsp;&nbsp;_printf_core
</UL>

<P><STRONG><a name="[18e]"></a>_printf_core</STRONG> (Thumb, 1704 bytes, Stack size 136 bytes, printfa.o(i._printf_core), UNUSED)
<BR><BR>[Calls]<UL><LI><a href="#[1a1]">&gt;&gt;</a>&nbsp;&nbsp;&nbsp;_printf_pre_padding
<LI><a href="#[1a2]">&gt;&gt;</a>&nbsp;&nbsp;&nbsp;_printf_post_padding
<LI><a href="#[1a0]">&gt;&gt;</a>&nbsp;&nbsp;&nbsp;_fp_digits
<LI><a href="#[96]">&gt;&gt;</a>&nbsp;&nbsp;&nbsp;__aeabi_uldivmod
<LI><a href="#[1a3]">&gt;&gt;</a>&nbsp;&nbsp;&nbsp;__aeabi_uidivmod
</UL>
<BR>[Called By]<UL><LI><a href="#[18f]">&gt;&gt;</a>&nbsp;&nbsp;&nbsp;__0vsprintf
<LI><a href="#[18d]">&gt;&gt;</a>&nbsp;&nbsp;&nbsp;__0sprintf
</UL>

<P><STRONG><a name="[1a2]"></a>_printf_post_padding</STRONG> (Thumb, 36 bytes, Stack size 24 bytes, printfa.o(i._printf_post_padding), UNUSED)
<BR><BR>[Called By]<UL><LI><a href="#[18e]">&gt;&gt;</a>&nbsp;&nbsp;&nbsp;_printf_core
</UL>

<P><STRONG><a name="[1a1]"></a>_printf_pre_padding</STRONG> (Thumb, 46 bytes, Stack size 24 bytes, printfa.o(i._printf_pre_padding), UNUSED)
<BR><BR>[Called By]<UL><LI><a href="#[18e]">&gt;&gt;</a>&nbsp;&nbsp;&nbsp;_printf_core
</UL>

<P><STRONG><a name="[3e]"></a>_sputc</STRONG> (Thumb, 10 bytes, Stack size 0 bytes, printfa.o(i._sputc))
<BR><BR>[Called By]<UL><LI><a href="#[18f]">&gt;&gt;</a>&nbsp;&nbsp;&nbsp;__0vsprintf
<LI><a href="#[18d]">&gt;&gt;</a>&nbsp;&nbsp;&nbsp;__0sprintf
</UL>
<BR>[Address Reference Count : 2]<UL><LI> printfa.o(i.__0sprintf)
<LI> printfa.o(i.__0vsprintf)
</UL><P>
<H3>
Undefined Global Symbols
</H3><HR></body></html>
