<html>
<body>
<pre>
<h1>µVision Build Log</h1>
<h2>Tool Versions:</h2>
IDE-Version: ¦ÌVision V5.38.0.0
Copyright (C) 2022 ARM Ltd and ARM Germany GmbH. All rights reserved.
License Information: liu ctd_liu, HP Inc., LIC=FYKYW-QCV76-307NC-72APF-H5EIR-9WTXF
 
Tool Versions:
Toolchain:       MDK-ARM Plus  Version: 5.38.0.0
Toolchain Path:  C:\Keil_v5\ARM\armcompile5\Bin
C Compiler:      Armcc.exe V5.06 update 7 (build 960)
Assembler:       Armasm.exe V5.06 update 7 (build 960)
Linker/Locator:  ArmLink.exe V5.06 update 7 (build 960)
Library Manager: ArmAr.exe V5.06 update 7 (build 960)
Hex Converter:   FromElf.exe V5.06 update 7 (build 960)
CPU DLL:         
Dialog DLL:      
Target DLL:      Segger\JL2CM3.dll V2.99.42.0
Dialog DLL:      TCM.DLL V1.56.4.0
 
<h2>Project:</h2>
C:\project\2024\github\sensor\build\ble_sensor.uvprojx
Project File Date:  05/12/2024

<h2>Output:</h2>
*** Using Compiler 'V5.06 update 7 (build 960)', folder: 'C:\Keil_v5\ARM\armcompile5\Bin'
Build target 'nrf52832_xxaa'
compiling app_i2c.c...
..\src\pah8009\algorithm\pah_hr\V303009\pxialg.h(692): warning:  #1295-D: Deprecated declaration PxiAlg_Query_Mem_Size - give arg types
  PXIALG_API uint32_t PxiAlg_Query_Mem_Size();
..\src\pah8009\algorithm\pah_hr\V303009\pxialg.h(693): warning:  #1295-D: Deprecated declaration PxiAlg_GetHrUpdateFlag - give arg types
  PXIALG_API uint8_t PxiAlg_GetHrUpdateFlag();
..\src\app_i2c\app_i2c.c: 2 warnings, 0 errors
linking...
Program Size: Code=121868 RO-data=10532 RW-data=1496 ZI-data=44176  
FromELF: creating hex file...
".\_build\app.axf" - 0 Error(s), 2 Warning(s).

<h2>Software Packages used:</h2>

Package Vendor: ARM
                http://www.keil.com/pack/ARM.CMSIS.5.6.0.pack
                ARM.CMSIS.5.6.0
                CMSIS (Cortex Microcontroller Software Interface Standard)
   * Component: CORE Version: 5.3.0

Package Vendor: NordicSemiconductor
                http://developer.nordicsemi.com/nRF5_SDK/pieces/nRF_DeviceFamilyPack/NordicSemiconductor.nRF_DeviceFamilyPack.8.40.3.pack
                NordicSemiconductor.nRF_DeviceFamilyPack.8.40.3
                Nordic Semiconductor nRF ARM devices Device Family Pack with BSD license.
   * Component: Startup Version: 8.40.3

<h2>Collection of Component include folders:</h2>
  ./RTE/_nrf52832_xxaa
  C:/Users/ctd_l/AppData/Local/Arm/Packs/ARM/CMSIS/5.6.0/CMSIS/Core/Include
  C:/Users/ctd_l/AppData/Local/Arm/Packs/NordicSemiconductor/nRF_DeviceFamilyPack/8.40.3/Device/Include

<h2>Collection of Component Files used:</h2>

   * Component: ARM::CMSIS:CORE:5.3.0

   * Component: NordicSemiconductor::Device:Startup:8.40.3
      Include file:  Device/Include/system_nrf.h
      Source file:   Device/Source/arm/arm_startup_nrf52.s
      Include file:  Device/Include/system_nrf52.h
      Source file:   Device/Source/system_nrf52.c
Build Time Elapsed:  00:00:02
</pre>
</body>
</html>
